******************************************************************************
                  TI ARM Linker PC v20.2.7                     
******************************************************************************
>> Linked Wed Jun 11 01:46:35 2025

OUTPUT FILE NAME:   <ccs-project-0-win.out>
ENTRY POINT SYMBOL: "_c_int00_noargs"  address: 00002dfd


MEMORY CONFIGURATION

         name            origin    length      used     unused   attr    fill
----------------------  --------  ---------  --------  --------  ----  --------
  FLASH                 00000000   00100000  00003211  000fcdef  R  X
  SRAM                  20000000   00040000  000013b4  0003ec4c  RW X


SEGMENT ALLOCATION MAP

run origin  load origin   length   init length attrs members
----------  ----------- ---------- ----------- ----- -------
00000000    00000000    00003218   00003218    r-x
  00000000    00000000    00000208   00000208    r-- .intvecs
  00000208    00000208    00002e78   00002e78    r-x .text
  00003080    00003080    00000101   00000101    r-- .const
  00003188    00003188    00000090   00000090    r-- .cinit
20000000    20000000    000013b4   00000000    rw-
  20000000    20000000    00000800   00000000    rw- .stack
  20000800    20000800    00000800   00000000    rw- .sysmem
  20001000    20001000    000001ec   00000000    rw- .data
  200011ec    200011ec    000001c8   00000000    rw- .bss


SECTION ALLOCATION MAP

 output                                  attributes/
section   page    origin      length       input sections
--------  ----  ----------  ----------   ----------------
.intvecs   0    00000000    00000208     
                  00000000    00000208     tm4c1294ncpdt_startup_ccs.obj (.intvecs)

.text      0    00000208    00002e78     
                  00000208    00000a4e     rtsv7M4_T_le_v4SPD16_eabi.lib : _printfi.c.obj (.text:__TI_printfi)
                  00000c56    00000002                                   : _lock.c.obj (.text:_nop)
                  00000c58    0000045e     aufgabe_4.obj (.text)
                  000010b6    00000002     rtsv7M4_T_le_v4SPD16_eabi.lib : div0.asm.obj (.text)
                  000010b8    00000270                                   : _printfi.c.obj (.text:_pconv_a)
                  00001328    000001d0                                   : _printfi.c.obj (.text:_pconv_g)
                  000014f8    000001b6                                   : fd_add_t2.asm.obj (.text)
                  000016ae    00000002     --HOLE-- [fill = 0]
                  000016b0    0000013c                                   : _printfi.c.obj (.text:_pconv_e)
                  000017ec    00000136                                   : fd_div_t2.asm.obj (.text)
                  00001922    00000002     --HOLE-- [fill = 0]
                  00001924    00000124                                   : _printfi.c.obj (.text:fcvt)
                  00001a48    00000114                                   : fputs.c.obj (.text:fputs)
                  00001b5c    00000110                                   : s_scalbn.c.obj (.text:scalbn)
                  00001c6c    00000100                                   : memory.c.obj (.text:aligned_alloc)
                  00001d6c    000000fc                                   : fd_mul_t2.asm.obj (.text)
                  00001e68    000000e4                                   : memory.c.obj (.text:free)
                  00001f4c    000000dc                                   : setvbuf.c.obj (.text:setvbuf)
                  00002028    000000b1                                   : _printfi.c.obj (.text:_ltostr)
                  000020d9    00000001     --HOLE-- [fill = 0]
                  000020da    0000009c                                   : memcpy_t2.asm.obj (.text)
                  00002176    00000096                                   : ull_div_t2.asm.obj (.text)
                  0000220c    0000008c                                   : fputc.c.obj (.text:fputc)
                  00002298    00000086                                   : fd_cmp_t2.asm.obj (.text:__aeabi_cdcmple)
                  0000231e    00000086                                   : fd_cmp_t2.asm.obj (.text:__aeabi_cdrcmple)
                  000023a4    0000007a                                   : memset_t2.asm.obj (.text)
                  0000241e    00000002     --HOLE-- [fill = 0]
                  00002420    00000074                                   : fclose.c.obj (.text:__TI_closefile)
                  00002494    00000070                                   : memory.c.obj (.text:split)
                  00002504    0000006e                                   : _printfi.c.obj (.text:_mcpy)
                  00002572    00000002     --HOLE-- [fill = 0]
                  00002574    0000006c                                   : hostrename.c.obj (.text:HOSTrename)
                  000025e0    00000068                                   : hostlseek.c.obj (.text:HOSTlseek)
                  00002648    00000068                                   : copy_decompress_lzss.c.obj (.text:decompress:lzss:__TI_decompress_lzss)
                  000026b0    00000068                                   : printf.c.obj (.text:printf)
                  00002718    00000064                                   : s_frexp.c.obj (.text:frexp)
                  0000277c    00000064                                   : fseek.c.obj (.text:fseek)
                  000027e0    00000062                                   : _io_perm.c.obj (.text:__TI_wrt_ok)
                  00002842    00000002     --HOLE-- [fill = 0]
                  00002844    00000060                                   : hostopen.c.obj (.text:HOSTopen)
                  000028a4    0000005c                                   : close.c.obj (.text:close)
                  00002900    00000058                                   : hostread.c.obj (.text:HOSTread)
                  00002958    00000058                                   : hostwrite.c.obj (.text:HOSTwrite)
                  000029b0    00000056                                   : _printfi.c.obj (.text:_pconv_f)
                  00002a06    00000054                                   : _ltoa.c.obj (.text:__TI_ltoa)
                  00002a5a    00000052                                   : _printfi.c.obj (.text:_ecpy)
                  00002aac    0000004c                                   : fflush.c.obj (.text:__TI_doflush)
                  00002af8    0000004c                                   : atoi.c.obj (.text:atoi)
                  00002b44    00000048                                   : exit.c.obj (.text:exit)
                  00002b8c    00000048                                   : fd_toi_t2.asm.obj (.text)
                  00002bd4    00000044                                   : hostclose.c.obj (.text:HOSTclose)
                  00002c18    00000044                                   : hostunlink.c.obj (.text:HOSTunlink)
                  00002c5c    00000044                                   : autoinit.c.obj (.text:__TI_auto_init_nobinit_nopinit:__TI_auto_init_nobinit_nopinit)
                  00002ca0    00000044                                   : getdevice.c.obj (.text:getdevice)
                  00002ce4    0000003e                                   : _printfi.c.obj (.text:_fcpy)
                  00002d22    00000002     --HOLE-- [fill = 0]
                  00002d24    00000038                                   : trgmsg.c.obj (.text:__TI_writemsg)
                  00002d5c    00000036                                   : strncpy.c.obj (.text:strncpy)
                  00002d92    00000002     --HOLE-- [fill = 0]
                  00002d94    00000034                                   : fopen.c.obj (.text:__TI_cleanup)
                  00002dc8    00000034                                   : trgmsg.c.obj (.text:__TI_readmsg)
                  00002dfc    00000034                                   : boot_cortex_m.c.obj (.text:_c_int00_noargs:_c_int00_noargs)
                  00002e30    00000030                                   : getdevice.c.obj (.text:finddevice)
                  00002e60    0000002e                                   : i_tofd_t2.asm.obj (.text)
                  00002e8e    00000002     --HOLE-- [fill = 0]
                  00002e90    0000002c                                   : unlink.c.obj (.text:unlink)
                  00002ebc    00000028                                   : memory.c.obj (.text:free_list_insert)
                  00002ee4    00000028                                   : lseek.c.obj (.text:lseek)
                  00002f0c    00000028                                   : write.c.obj (.text:write)
                  00002f34    00000020                                   : memchr.c.obj (.text:memchr)
                  00002f54    0000001c                                   : copy_zero_init.c.obj (.text:decompress:ZI:__TI_zero_init_nomemset:__TI_zero_init_nomemset)
                  00002f70    0000001c                                   : memory.c.obj (.text:free_list_remove)
                  00002f8c    0000001c                                   : memccpy.c.obj (.text:memccpy)
                  00002fa8    0000001a                                   : s_copysign.c.obj (.text:copysign)
                  00002fc2    00000004                                   : printf.c.obj (.text:_outc)
                  00002fc6    00000002     --HOLE-- [fill = 0]
                  00002fc8    0000001a     tm4c1294ncpdt_startup_ccs.obj (.text)
                  00002fe2    00000018     rtsv7M4_T_le_v4SPD16_eabi.lib : strcmp.c.obj (.text:strcmp)
                  00002ffa    00000016                                   : strchr.c.obj (.text:strchr)
                  00003010    00000014                                   : strcpy.c.obj (.text:strcpy)
                  00003024    00000014                                   : strlen.c.obj (.text:strlen)
                  00003038    00000012                                   : wcslen.c.obj (.text:wcslen)
                  0000304a    0000000e                                   : copy_decompress_none.c.obj (.text:decompress:none:__TI_decompress_none)
                  00003058    0000000c     main.obj (.text)
                  00003064    00000008     rtsv7M4_T_le_v4SPD16_eabi.lib : errno.c.obj (.text:__aeabi_errno_addr)
                  0000306c    00000008                                   : memory.c.obj (.text:malloc)
                  00003074    00000004                                   : printf.c.obj (.text:_outs)
                  00003078    00000004                                   : pre_init.c.obj (.text:_system_pre_init)
                  0000307c    00000004                                   : exit.c.obj (.text:abort:abort)

.const     0    00003080    00000101     
                  00003080    00000101     rtsv7M4_T_le_v4SPD16_eabi.lib : ctype.c.obj (.const:.string:_ctypes_)

.cinit     0    00003188    00000090     
                  00003188    00000068     (.cinit..data.load) [load image, compression = lzss]
                  000031f0    0000000c     (__TI_handler_table)
                  000031fc    00000004     --HOLE-- [fill = 0]
                  00003200    00000008     (.cinit..bss.load) [load image, compression = zero_init]
                  00003208    00000010     (__TI_cinit_table)

.init_array 
*          0    00000000    00000000     UNINITIALIZED

.stack     0    20000000    00000800     UNINITIALIZED
                  20000000    00000004     rtsv7M4_T_le_v4SPD16_eabi.lib : boot_cortex_m.c.obj (.stack)
                  20000004    000007fc     --HOLE--

.sysmem    0    20000800    00000800     UNINITIALIZED
                  20000800    00000010     rtsv7M4_T_le_v4SPD16_eabi.lib : memory.c.obj (.sysmem)
                  20000810    000007f0     --HOLE--

.data      0    20001000    000001ec     UNINITIALIZED
                  20001000    000000f0     rtsv7M4_T_le_v4SPD16_eabi.lib : defs.c.obj (.data:_ftable)
                  200010f0    00000078                                   : host_device.c.obj (.data:_device)
                  20001168    00000050                                   : host_device.c.obj (.data:_stream)
                  200011b8    00000010                                   : defs.c.obj (.data)
                  200011c8    0000000c                                   : exit.c.obj (.data:$O1$$)
                  200011d4    00000008                                   : _lock.c.obj (.data:$O1$$)
                  200011dc    00000008                                   : memory.c.obj (.data:$O1$$)
                  200011e4    00000004     aufgabe_4.obj (.data)
                  200011e8    00000004     rtsv7M4_T_le_v4SPD16_eabi.lib : errno.c.obj (.data)

.bss       0    200011ec    000001c8     UNINITIALIZED
                  200011ec    00000120     rtsv7M4_T_le_v4SPD16_eabi.lib : trgmsg.c.obj (.bss:_CIOBUF_)
                  2000130c    000000a0     (.common:__TI_tmpnams)
                  200013ac    00000008     (.common:parmbuf)

__llvm_prf_cnts 
*          0    20000000    00000000     UNINITIALIZED

MODULE SUMMARY

       Module                          code    ro data   rw data
       ------                          ----    -------   -------
    .\
       tm4c1294ncpdt_startup_ccs.obj   26      520       0      
       main.obj                        12      0         0      
    +--+-------------------------------+-------+---------+---------+
       Total:                          38      520       0      
                                                                
    .\src\
       aufgabe_4.obj                   1118    0         4      
    +--+-------------------------------+-------+---------+---------+
       Total:                          1118    0         4      
                                                                
    C:\ti\ccs1220\ccs\tools\compiler\ti-cgt-arm_20.2.7.LTS\lib\rtsv7M4_T_le_v4SPD16_eabi.lib
       _printfi.c.obj                  4851    0         0      
       memory.c.obj                    672     0         8      
       fd_add_t2.asm.obj               438     0         0      
       defs.c.obj                      0       0         416    
       trgmsg.c.obj                    108     0         288    
       fd_div_t2.asm.obj               310     0         0      
       fputs.c.obj                     276     0         0      
       s_scalbn.c.obj                  272     0         0      
       fd_cmp_t2.asm.obj               268     0         0      
       ctype.c.obj                     0       257       0      
       fd_mul_t2.asm.obj               252     0         0      
       setvbuf.c.obj                   220     0         0      
       host_device.c.obj               0       0         200    
       memcpy_t2.asm.obj               156     0         0      
       ull_div_t2.asm.obj              150     0         0      
       fputc.c.obj                     140     0         0      
       memset_t2.asm.obj               122     0         0      
       fclose.c.obj                    116     0         0      
       getdevice.c.obj                 116     0         0      
       printf.c.obj                    112     0         0      
       hostrename.c.obj                108     0         0      
       copy_decompress_lzss.c.obj      104     0         0      
       hostlseek.c.obj                 104     0         0      
       hostopen.c.obj                  96      0         8      
       fseek.c.obj                     100     0         0      
       s_frexp.c.obj                   100     0         0      
       _io_perm.c.obj                  98      0         0      
       close.c.obj                     92      0         0      
       exit.c.obj                      76      0         12     
       hostread.c.obj                  88      0         0      
       hostwrite.c.obj                 88      0         0      
       _ltoa.c.obj                     84      0         0      
       atoi.c.obj                      76      0         0      
       fflush.c.obj                    76      0         0      
       fd_toi_t2.asm.obj               72      0         0      
       autoinit.c.obj                  68      0         0      
       hostclose.c.obj                 68      0         0      
       hostunlink.c.obj                68      0         0      
       strncpy.c.obj                   54      0         0      
       boot_cortex_m.c.obj             52      0         0      
       fopen.c.obj                     52      0         0      
       i_tofd_t2.asm.obj               46      0         0      
       unlink.c.obj                    44      0         0      
       lseek.c.obj                     40      0         0      
       write.c.obj                     40      0         0      
       memchr.c.obj                    32      0         0      
       copy_zero_init.c.obj            28      0         0      
       memccpy.c.obj                   28      0         0      
       s_copysign.c.obj                26      0         0      
       strcmp.c.obj                    24      0         0      
       strchr.c.obj                    22      0         0      
       strcpy.c.obj                    20      0         0      
       strlen.c.obj                    20      0         0      
       wcslen.c.obj                    18      0         0      
       copy_decompress_none.c.obj      14      0         0      
       errno.c.obj                     8       0         4      
       _lock.c.obj                     2       0         8      
       pre_init.c.obj                  4       0         0      
       div0.asm.obj                    2       0         0      
    +--+-------------------------------+-------+---------+---------+
       Total:                          10721   257       944    
                                                                
       Heap:                           0       0         2048   
       Stack:                          0       0         2048   
       Linker Generated:               0       140       0      
    +--+-------------------------------+-------+---------+---------+
       Grand Total:                    11877   917       5044   


LINKER GENERATED COPY TABLES

__TI_cinit_table @ 00003208 records: 2, size/record: 8, table size: 16
	.data: load addr=00003188, load size=00000068 bytes, run addr=20001000, run size=000001ec bytes, compression=lzss
	.bss: load addr=00003200, load size=00000008 bytes, run addr=200011ec, run size=000001c8 bytes, compression=zero_init


LINKER GENERATED HANDLER TABLE

__TI_handler_table @ 000031f0 records: 3, size/record: 4, table size: 12
	index: 0, handler: __TI_decompress_lzss
	index: 1, handler: __TI_decompress_none
	index: 2, handler: __TI_zero_init


GLOBAL SYMBOLS: SORTED ALPHABETICALLY BY Name 

address   name                           
-------   ----                           
0000307d  C$$EXIT                        
00002d53  C$$IO$$                        
00002bd5  HOSTclose                      
000025e1  HOSTlseek                      
00002845  HOSTopen                       
00002901  HOSTread                       
00002575  HOSTrename                     
00002c19  HOSTunlink                     
00002959  HOSTwrite                      
00002fc9  ResetISR                       
200011ec  __CIOBUF_                      
20000800  __STACK_END                    
00000800  __STACK_SIZE                   
20000200  __STACK_TOP                    
00000800  __SYSMEM_SIZE                  
00003208  __TI_CINIT_Base                
00003218  __TI_CINIT_Limit               
000031f0  __TI_Handler_Table_Base        
000031fc  __TI_Handler_Table_Limit       
00002c5d  __TI_auto_init_nobinit_nopinit 
00002d95  __TI_cleanup                   
200011c8  __TI_cleanup_ptr               
00002421  __TI_closefile                 
00002649  __TI_decompress_lzss           
0000304b  __TI_decompress_none           
00002aad  __TI_doflush                   
200011cc  __TI_dtors_ptr                 
200011d0  __TI_enable_exit_profile_output
200011b8  __TI_ft_end                    
00002a07  __TI_ltoa                      
ffffffff  __TI_pprof_out_hndl            
00000209  __TI_printfi                   
ffffffff  __TI_prof_data_size            
ffffffff  __TI_prof_data_start           
00002dc9  __TI_readmsg                   
00000000  __TI_static_base__             
2000130c  __TI_tmpnams                   
00002d25  __TI_writemsg                  
000027e1  __TI_wrt_ok                    
00002f55  __TI_zero_init_nomemset        
00002299  __aeabi_cdcmpeq                
00002299  __aeabi_cdcmple                
0000231f  __aeabi_cdrcmple               
00002b8d  __aeabi_d2iz                   
00001503  __aeabi_dadd                   
000017ed  __aeabi_ddiv                   
00001d6d  __aeabi_dmul                   
000014f9  __aeabi_dsub                   
00003065  __aeabi_errno_addr             
00002e61  __aeabi_i2d                    
000010b7  __aeabi_idiv0                  
000010b7  __aeabi_ldiv0                  
000023a5  __aeabi_memclr                 
000023a5  __aeabi_memclr4                
000023a5  __aeabi_memclr8                
000020db  __aeabi_memcpy                 
000020db  __aeabi_memcpy4                
000020db  __aeabi_memcpy8                
000023a7  __aeabi_memset                 
000023a7  __aeabi_memset4                
000023a7  __aeabi_memset8                
200011c4  __aeabi_stderr                 
200011bc  __aeabi_stdin                  
200011c0  __aeabi_stdout                 
00002177  __aeabi_uldivmod               
ffffffff  __binit__                      
ffffffff  __c_args__                     
UNDEFED   __mpu_init                     
20000000  __stack                        
20000000  __start___llvm_prf_cnts        
20000000  __stop___llvm_prf_cnts         
00002dfd  _c_int00_noargs                
00003080  _ctypes_                       
200010f0  _device                        
20001000  _ftable                        
200011d4  _lock                          
00000c57  _nop                           
20001168  _stream                        
20000800  _sys_memory                    
UNDEFED   _system_post_cinit             
00003079  _system_pre_init               
200011d8  _unlock                        
0000307d  abort                          
00001c6d  aligned_alloc                  
00002af9  atoi                           
00000e39  aufgabe_4                      
ffffffff  binit                          
000028a5  close                          
00000c59  config_port_aufgabe4           
00000d99  config_uart_aufgabe4           
00002fa9  copysign                       
00002fa9  copysignl                      
200011e8  errno                          
00002b45  exit                           
00002e31  finddevice                     
0000220d  fputc                          
00001a49  fputs                          
00001e69  free                           
00002719  frexp                          
00002719  frexpl                         
0000277d  fseek                          
00000000  g_pfnVectors                   
00002ca1  getdevice                      
00001b5d  ldexp                          
00001b5d  ldexpl                         
00002ee5  lseek                          
00003059  main                           
0000306d  malloc                         
00001c6d  memalign                       
00002f8d  memccpy                        
00002f35  memchr                         
000020db  memcpy                         
000023ad  memset                         
200013ac  parmbuf                        
000026b1  printf                         
0000220d  putc                           
00002e91  remove                         
00001b5d  scalbn                         
00001b5d  scalbnl                        
00000e01  send_char4                     
00001f4d  setvbuf                        
00002ffb  strchr                         
00002fe3  strcmp                         
00003011  strcpy                         
00003025  strlen                         
00002d5d  strncpy                        
00002e91  unlink                         
200011e4  wait_counter_4                 
00003039  wcslen                         
00002f0d  write                          


GLOBAL SYMBOLS: SORTED BY Symbol Address 

address   name                           
-------   ----                           
00000000  __TI_static_base__             
00000000  g_pfnVectors                   
00000209  __TI_printfi                   
00000800  __STACK_SIZE                   
00000800  __SYSMEM_SIZE                  
00000c57  _nop                           
00000c59  config_port_aufgabe4           
00000d99  config_uart_aufgabe4           
00000e01  send_char4                     
00000e39  aufgabe_4                      
000010b7  __aeabi_idiv0                  
000010b7  __aeabi_ldiv0                  
000014f9  __aeabi_dsub                   
00001503  __aeabi_dadd                   
000017ed  __aeabi_ddiv                   
00001a49  fputs                          
00001b5d  ldexp                          
00001b5d  ldexpl                         
00001b5d  scalbn                         
00001b5d  scalbnl                        
00001c6d  aligned_alloc                  
00001c6d  memalign                       
00001d6d  __aeabi_dmul                   
00001e69  free                           
00001f4d  setvbuf                        
000020db  __aeabi_memcpy                 
000020db  __aeabi_memcpy4                
000020db  __aeabi_memcpy8                
000020db  memcpy                         
00002177  __aeabi_uldivmod               
0000220d  fputc                          
0000220d  putc                           
00002299  __aeabi_cdcmpeq                
00002299  __aeabi_cdcmple                
0000231f  __aeabi_cdrcmple               
000023a5  __aeabi_memclr                 
000023a5  __aeabi_memclr4                
000023a5  __aeabi_memclr8                
000023a7  __aeabi_memset                 
000023a7  __aeabi_memset4                
000023a7  __aeabi_memset8                
000023ad  memset                         
00002421  __TI_closefile                 
00002575  HOSTrename                     
000025e1  HOSTlseek                      
00002649  __TI_decompress_lzss           
000026b1  printf                         
00002719  frexp                          
00002719  frexpl                         
0000277d  fseek                          
000027e1  __TI_wrt_ok                    
00002845  HOSTopen                       
000028a5  close                          
00002901  HOSTread                       
00002959  HOSTwrite                      
00002a07  __TI_ltoa                      
00002aad  __TI_doflush                   
00002af9  atoi                           
00002b45  exit                           
00002b8d  __aeabi_d2iz                   
00002bd5  HOSTclose                      
00002c19  HOSTunlink                     
00002c5d  __TI_auto_init_nobinit_nopinit 
00002ca1  getdevice                      
00002d25  __TI_writemsg                  
00002d53  C$$IO$$                        
00002d5d  strncpy                        
00002d95  __TI_cleanup                   
00002dc9  __TI_readmsg                   
00002dfd  _c_int00_noargs                
00002e31  finddevice                     
00002e61  __aeabi_i2d                    
00002e91  remove                         
00002e91  unlink                         
00002ee5  lseek                          
00002f0d  write                          
00002f35  memchr                         
00002f55  __TI_zero_init_nomemset        
00002f8d  memccpy                        
00002fa9  copysign                       
00002fa9  copysignl                      
00002fc9  ResetISR                       
00002fe3  strcmp                         
00002ffb  strchr                         
00003011  strcpy                         
00003025  strlen                         
00003039  wcslen                         
0000304b  __TI_decompress_none           
00003059  main                           
00003065  __aeabi_errno_addr             
0000306d  malloc                         
00003079  _system_pre_init               
0000307d  C$$EXIT                        
0000307d  abort                          
00003080  _ctypes_                       
000031f0  __TI_Handler_Table_Base        
000031fc  __TI_Handler_Table_Limit       
00003208  __TI_CINIT_Base                
00003218  __TI_CINIT_Limit               
20000000  __stack                        
20000000  __start___llvm_prf_cnts        
20000000  __stop___llvm_prf_cnts         
20000200  __STACK_TOP                    
20000800  __STACK_END                    
20000800  _sys_memory                    
20001000  _ftable                        
200010f0  _device                        
20001168  _stream                        
200011b8  __TI_ft_end                    
200011bc  __aeabi_stdin                  
200011c0  __aeabi_stdout                 
200011c4  __aeabi_stderr                 
200011c8  __TI_cleanup_ptr               
200011cc  __TI_dtors_ptr                 
200011d0  __TI_enable_exit_profile_output
200011d4  _lock                          
200011d8  _unlock                        
200011e4  wait_counter_4                 
200011e8  errno                          
200011ec  __CIOBUF_                      
2000130c  __TI_tmpnams                   
200013ac  parmbuf                        
ffffffff  __TI_pprof_out_hndl            
ffffffff  __TI_prof_data_size            
ffffffff  __TI_prof_data_start           
ffffffff  __binit__                      
ffffffff  __c_args__                     
ffffffff  binit                          
UNDEFED   __mpu_init                     
UNDEFED   _system_post_cinit             

[130 symbols]
