<?xml version="1.0" encoding="ISO-8859-1" ?>
<link_info>
   <banner>TI ARM Linker PC v20.2.7.LTS</banner>
   <copyright>Copyright (c) 1996-2018 Texas Instruments Incorporated</copyright>
   <link_time>0x6848c3db</link_time>
   <link_errors>0x0</link_errors>
   <output_file>ccs-project-0-win.out</output_file>
   <entry_point>
      <name>_c_int00_noargs</name>
      <address>0x2dfd</address>
   </entry_point>
   <input_file_list>
      <input_file id="fl-2">
         <path>.\</path>
         <kind>object</kind>
         <file>main.obj</file>
         <name>main.obj</name>
      </input_file>
      <input_file id="fl-3">
         <path>.\</path>
         <kind>object</kind>
         <file>tm4c1294ncpdt_startup_ccs.obj</file>
         <name>tm4c1294ncpdt_startup_ccs.obj</name>
      </input_file>
      <input_file id="fl-4">
         <path>.\src\</path>
         <kind>object</kind>
         <file>Aufgabe 1a.obj</file>
         <name>Aufgabe 1a.obj</name>
      </input_file>
      <input_file id="fl-5">
         <path>.\src\</path>
         <kind>object</kind>
         <file>Aufgabe 1b.obj</file>
         <name>Aufgabe 1b.obj</name>
      </input_file>
      <input_file id="fl-6">
         <path>.\src\</path>
         <kind>object</kind>
         <file>Aufgabe 1c.obj</file>
         <name>Aufgabe 1c.obj</name>
      </input_file>
      <input_file id="fl-7">
         <path>.\src\</path>
         <kind>object</kind>
         <file>Aufgabe 3 Alternative.obj</file>
         <name>Aufgabe 3 Alternative.obj</name>
      </input_file>
      <input_file id="fl-8">
         <path>.\src\</path>
         <kind>object</kind>
         <file>aufgabe_3.obj</file>
         <name>aufgabe_3.obj</name>
      </input_file>
      <input_file id="fl-9">
         <path>.\src\</path>
         <kind>object</kind>
         <file>aufgabe_4.obj</file>
         <name>aufgabe_4.obj</name>
      </input_file>
      <input_file id="fl-a">
         <path>.\src\</path>
         <kind>object</kind>
         <file>debugging.obj</file>
         <name>debugging.obj</name>
      </input_file>
      <input_file id="fl-f">
         <kind>object</kind>
         <file>&lt;internal&gt;</file>
         <name>&lt;internal&gt;</name>
      </input_file>
      <input_file id="fl-c5">
         <path>C:\ti\ccs1220\ccs\tools\compiler\ti-cgt-arm_20.2.7.LTS\lib\</path>
         <kind>archive</kind>
         <file>rtsv7M4_T_le_v4SPD16_eabi.lib</file>
         <name>printf.c.obj</name>
      </input_file>
      <input_file id="fl-c6">
         <path>C:\ti\ccs1220\ccs\tools\compiler\ti-cgt-arm_20.2.7.LTS\lib\</path>
         <kind>archive</kind>
         <file>rtsv7M4_T_le_v4SPD16_eabi.lib</file>
         <name>_printfi.c.obj</name>
      </input_file>
      <input_file id="fl-c7">
         <path>C:\ti\ccs1220\ccs\tools\compiler\ti-cgt-arm_20.2.7.LTS\lib\</path>
         <kind>archive</kind>
         <file>rtsv7M4_T_le_v4SPD16_eabi.lib</file>
         <name>fputc.c.obj</name>
      </input_file>
      <input_file id="fl-c8">
         <path>C:\ti\ccs1220\ccs\tools\compiler\ti-cgt-arm_20.2.7.LTS\lib\</path>
         <kind>archive</kind>
         <file>rtsv7M4_T_le_v4SPD16_eabi.lib</file>
         <name>fputs.c.obj</name>
      </input_file>
      <input_file id="fl-c9">
         <path>C:\ti\ccs1220\ccs\tools\compiler\ti-cgt-arm_20.2.7.LTS\lib\</path>
         <kind>archive</kind>
         <file>rtsv7M4_T_le_v4SPD16_eabi.lib</file>
         <name>_io_perm.c.obj</name>
      </input_file>
      <input_file id="fl-ca">
         <path>C:\ti\ccs1220\ccs\tools\compiler\ti-cgt-arm_20.2.7.LTS\lib\</path>
         <kind>archive</kind>
         <file>rtsv7M4_T_le_v4SPD16_eabi.lib</file>
         <name>setvbuf.c.obj</name>
      </input_file>
      <input_file id="fl-cb">
         <path>C:\ti\ccs1220\ccs\tools\compiler\ti-cgt-arm_20.2.7.LTS\lib\</path>
         <kind>archive</kind>
         <file>rtsv7M4_T_le_v4SPD16_eabi.lib</file>
         <name>fd_add_t2.asm.obj</name>
      </input_file>
      <input_file id="fl-cc">
         <path>C:\ti\ccs1220\ccs\tools\compiler\ti-cgt-arm_20.2.7.LTS\lib\</path>
         <kind>archive</kind>
         <file>rtsv7M4_T_le_v4SPD16_eabi.lib</file>
         <name>fd_cmp_t2.asm.obj</name>
      </input_file>
      <input_file id="fl-cd">
         <path>C:\ti\ccs1220\ccs\tools\compiler\ti-cgt-arm_20.2.7.LTS\lib\</path>
         <kind>archive</kind>
         <file>rtsv7M4_T_le_v4SPD16_eabi.lib</file>
         <name>fd_div_t2.asm.obj</name>
      </input_file>
      <input_file id="fl-ce">
         <path>C:\ti\ccs1220\ccs\tools\compiler\ti-cgt-arm_20.2.7.LTS\lib\</path>
         <kind>archive</kind>
         <file>rtsv7M4_T_le_v4SPD16_eabi.lib</file>
         <name>fd_mul_t2.asm.obj</name>
      </input_file>
      <input_file id="fl-cf">
         <path>C:\ti\ccs1220\ccs\tools\compiler\ti-cgt-arm_20.2.7.LTS\lib\</path>
         <kind>archive</kind>
         <file>rtsv7M4_T_le_v4SPD16_eabi.lib</file>
         <name>fd_toi_t2.asm.obj</name>
      </input_file>
      <input_file id="fl-d0">
         <path>C:\ti\ccs1220\ccs\tools\compiler\ti-cgt-arm_20.2.7.LTS\lib\</path>
         <kind>archive</kind>
         <file>rtsv7M4_T_le_v4SPD16_eabi.lib</file>
         <name>i_tofd_t2.asm.obj</name>
      </input_file>
      <input_file id="fl-d1">
         <path>C:\ti\ccs1220\ccs\tools\compiler\ti-cgt-arm_20.2.7.LTS\lib\</path>
         <kind>archive</kind>
         <file>rtsv7M4_T_le_v4SPD16_eabi.lib</file>
         <name>memcpy_t2.asm.obj</name>
      </input_file>
      <input_file id="fl-d2">
         <path>C:\ti\ccs1220\ccs\tools\compiler\ti-cgt-arm_20.2.7.LTS\lib\</path>
         <kind>archive</kind>
         <file>rtsv7M4_T_le_v4SPD16_eabi.lib</file>
         <name>memset_t2.asm.obj</name>
      </input_file>
      <input_file id="fl-d3">
         <path>C:\ti\ccs1220\ccs\tools\compiler\ti-cgt-arm_20.2.7.LTS\lib\</path>
         <kind>archive</kind>
         <file>rtsv7M4_T_le_v4SPD16_eabi.lib</file>
         <name>ull_div_t2.asm.obj</name>
      </input_file>
      <input_file id="fl-d4">
         <path>C:\ti\ccs1220\ccs\tools\compiler\ti-cgt-arm_20.2.7.LTS\lib\</path>
         <kind>archive</kind>
         <file>rtsv7M4_T_le_v4SPD16_eabi.lib</file>
         <name>copy_zero_init.c.obj</name>
      </input_file>
      <input_file id="fl-d5">
         <path>C:\ti\ccs1220\ccs\tools\compiler\ti-cgt-arm_20.2.7.LTS\lib\</path>
         <kind>archive</kind>
         <file>rtsv7M4_T_le_v4SPD16_eabi.lib</file>
         <name>copy_decompress_none.c.obj</name>
      </input_file>
      <input_file id="fl-d6">
         <path>C:\ti\ccs1220\ccs\tools\compiler\ti-cgt-arm_20.2.7.LTS\lib\</path>
         <kind>archive</kind>
         <file>rtsv7M4_T_le_v4SPD16_eabi.lib</file>
         <name>copy_decompress_lzss.c.obj</name>
      </input_file>
      <input_file id="fl-d7">
         <path>C:\ti\ccs1220\ccs\tools\compiler\ti-cgt-arm_20.2.7.LTS\lib\</path>
         <kind>archive</kind>
         <file>rtsv7M4_T_le_v4SPD16_eabi.lib</file>
         <name>exit.c.obj</name>
      </input_file>
      <input_file id="fl-d8">
         <path>C:\ti\ccs1220\ccs\tools\compiler\ti-cgt-arm_20.2.7.LTS\lib\</path>
         <kind>archive</kind>
         <file>rtsv7M4_T_le_v4SPD16_eabi.lib</file>
         <name>_lock.c.obj</name>
      </input_file>
      <input_file id="fl-d9">
         <path>C:\ti\ccs1220\ccs\tools\compiler\ti-cgt-arm_20.2.7.LTS\lib\</path>
         <kind>archive</kind>
         <file>rtsv7M4_T_le_v4SPD16_eabi.lib</file>
         <name>_ltoa.c.obj</name>
      </input_file>
      <input_file id="fl-da">
         <path>C:\ti\ccs1220\ccs\tools\compiler\ti-cgt-arm_20.2.7.LTS\lib\</path>
         <kind>archive</kind>
         <file>rtsv7M4_T_le_v4SPD16_eabi.lib</file>
         <name>atoi.c.obj</name>
      </input_file>
      <input_file id="fl-db">
         <path>C:\ti\ccs1220\ccs\tools\compiler\ti-cgt-arm_20.2.7.LTS\lib\</path>
         <kind>archive</kind>
         <file>rtsv7M4_T_le_v4SPD16_eabi.lib</file>
         <name>ctype.c.obj</name>
      </input_file>
      <input_file id="fl-dc">
         <path>C:\ti\ccs1220\ccs\tools\compiler\ti-cgt-arm_20.2.7.LTS\lib\</path>
         <kind>archive</kind>
         <file>rtsv7M4_T_le_v4SPD16_eabi.lib</file>
         <name>defs.c.obj</name>
      </input_file>
      <input_file id="fl-dd">
         <path>C:\ti\ccs1220\ccs\tools\compiler\ti-cgt-arm_20.2.7.LTS\lib\</path>
         <kind>archive</kind>
         <file>rtsv7M4_T_le_v4SPD16_eabi.lib</file>
         <name>memccpy.c.obj</name>
      </input_file>
      <input_file id="fl-de">
         <path>C:\ti\ccs1220\ccs\tools\compiler\ti-cgt-arm_20.2.7.LTS\lib\</path>
         <kind>archive</kind>
         <file>rtsv7M4_T_le_v4SPD16_eabi.lib</file>
         <name>memchr.c.obj</name>
      </input_file>
      <input_file id="fl-df">
         <path>C:\ti\ccs1220\ccs\tools\compiler\ti-cgt-arm_20.2.7.LTS\lib\</path>
         <kind>archive</kind>
         <file>rtsv7M4_T_le_v4SPD16_eabi.lib</file>
         <name>memory.c.obj</name>
      </input_file>
      <input_file id="fl-e0">
         <path>C:\ti\ccs1220\ccs\tools\compiler\ti-cgt-arm_20.2.7.LTS\lib\</path>
         <kind>archive</kind>
         <file>rtsv7M4_T_le_v4SPD16_eabi.lib</file>
         <name>strchr.c.obj</name>
      </input_file>
      <input_file id="fl-e1">
         <path>C:\ti\ccs1220\ccs\tools\compiler\ti-cgt-arm_20.2.7.LTS\lib\</path>
         <kind>archive</kind>
         <file>rtsv7M4_T_le_v4SPD16_eabi.lib</file>
         <name>strlen.c.obj</name>
      </input_file>
      <input_file id="fl-e2">
         <path>C:\ti\ccs1220\ccs\tools\compiler\ti-cgt-arm_20.2.7.LTS\lib\</path>
         <kind>archive</kind>
         <file>rtsv7M4_T_le_v4SPD16_eabi.lib</file>
         <name>boot_cortex_m.c.obj</name>
      </input_file>
      <input_file id="fl-e3">
         <path>C:\ti\ccs1220\ccs\tools\compiler\ti-cgt-arm_20.2.7.LTS\lib\</path>
         <kind>archive</kind>
         <file>rtsv7M4_T_le_v4SPD16_eabi.lib</file>
         <name>write.c.obj</name>
      </input_file>
      <input_file id="fl-e4">
         <path>C:\ti\ccs1220\ccs\tools\compiler\ti-cgt-arm_20.2.7.LTS\lib\</path>
         <kind>archive</kind>
         <file>rtsv7M4_T_le_v4SPD16_eabi.lib</file>
         <name>host_device.c.obj</name>
      </input_file>
      <input_file id="fl-e5">
         <path>C:\ti\ccs1220\ccs\tools\compiler\ti-cgt-arm_20.2.7.LTS\lib\</path>
         <kind>archive</kind>
         <file>rtsv7M4_T_le_v4SPD16_eabi.lib</file>
         <name>errno.c.obj</name>
      </input_file>
      <input_file id="fl-e6">
         <path>C:\ti\ccs1220\ccs\tools\compiler\ti-cgt-arm_20.2.7.LTS\lib\</path>
         <kind>archive</kind>
         <file>rtsv7M4_T_le_v4SPD16_eabi.lib</file>
         <name>wcslen.c.obj</name>
      </input_file>
      <input_file id="fl-e7">
         <path>C:\ti\ccs1220\ccs\tools\compiler\ti-cgt-arm_20.2.7.LTS\lib\</path>
         <kind>archive</kind>
         <file>rtsv7M4_T_le_v4SPD16_eabi.lib</file>
         <name>s_frexp.c.obj</name>
      </input_file>
      <input_file id="fl-e8">
         <path>C:\ti\ccs1220\ccs\tools\compiler\ti-cgt-arm_20.2.7.LTS\lib\</path>
         <kind>archive</kind>
         <file>rtsv7M4_T_le_v4SPD16_eabi.lib</file>
         <name>s_scalbn.c.obj</name>
      </input_file>
      <input_file id="fl-e9">
         <path>C:\ti\ccs1220\ccs\tools\compiler\ti-cgt-arm_20.2.7.LTS\lib\</path>
         <kind>archive</kind>
         <file>rtsv7M4_T_le_v4SPD16_eabi.lib</file>
         <name>fflush.c.obj</name>
      </input_file>
      <input_file id="fl-ea">
         <path>C:\ti\ccs1220\ccs\tools\compiler\ti-cgt-arm_20.2.7.LTS\lib\</path>
         <kind>archive</kind>
         <file>rtsv7M4_T_le_v4SPD16_eabi.lib</file>
         <name>fopen.c.obj</name>
      </input_file>
      <input_file id="fl-eb">
         <path>C:\ti\ccs1220\ccs\tools\compiler\ti-cgt-arm_20.2.7.LTS\lib\</path>
         <kind>archive</kind>
         <file>rtsv7M4_T_le_v4SPD16_eabi.lib</file>
         <name>fseek.c.obj</name>
      </input_file>
      <input_file id="fl-ec">
         <path>C:\ti\ccs1220\ccs\tools\compiler\ti-cgt-arm_20.2.7.LTS\lib\</path>
         <kind>archive</kind>
         <file>rtsv7M4_T_le_v4SPD16_eabi.lib</file>
         <name>div0.asm.obj</name>
      </input_file>
      <input_file id="fl-ed">
         <path>C:\ti\ccs1220\ccs\tools\compiler\ti-cgt-arm_20.2.7.LTS\lib\</path>
         <kind>archive</kind>
         <file>rtsv7M4_T_le_v4SPD16_eabi.lib</file>
         <name>autoinit.c.obj</name>
      </input_file>
      <input_file id="fl-ee">
         <path>C:\ti\ccs1220\ccs\tools\compiler\ti-cgt-arm_20.2.7.LTS\lib\</path>
         <kind>archive</kind>
         <file>rtsv7M4_T_le_v4SPD16_eabi.lib</file>
         <name>pre_init.c.obj</name>
      </input_file>
      <input_file id="fl-ef">
         <path>C:\ti\ccs1220\ccs\tools\compiler\ti-cgt-arm_20.2.7.LTS\lib\</path>
         <kind>archive</kind>
         <file>rtsv7M4_T_le_v4SPD16_eabi.lib</file>
         <name>cpy_tbl.c.obj</name>
      </input_file>
      <input_file id="fl-f0">
         <path>C:\ti\ccs1220\ccs\tools\compiler\ti-cgt-arm_20.2.7.LTS\lib\</path>
         <kind>archive</kind>
         <file>rtsv7M4_T_le_v4SPD16_eabi.lib</file>
         <name>args_main.c.obj</name>
      </input_file>
      <input_file id="fl-f1">
         <path>C:\ti\ccs1220\ccs\tools\compiler\ti-cgt-arm_20.2.7.LTS\lib\</path>
         <kind>archive</kind>
         <file>rtsv7M4_T_le_v4SPD16_eabi.lib</file>
         <name>hostclose.c.obj</name>
      </input_file>
      <input_file id="fl-f2">
         <path>C:\ti\ccs1220\ccs\tools\compiler\ti-cgt-arm_20.2.7.LTS\lib\</path>
         <kind>archive</kind>
         <file>rtsv7M4_T_le_v4SPD16_eabi.lib</file>
         <name>hostlseek.c.obj</name>
      </input_file>
      <input_file id="fl-f3">
         <path>C:\ti\ccs1220\ccs\tools\compiler\ti-cgt-arm_20.2.7.LTS\lib\</path>
         <kind>archive</kind>
         <file>rtsv7M4_T_le_v4SPD16_eabi.lib</file>
         <name>hostopen.c.obj</name>
      </input_file>
      <input_file id="fl-f4">
         <path>C:\ti\ccs1220\ccs\tools\compiler\ti-cgt-arm_20.2.7.LTS\lib\</path>
         <kind>archive</kind>
         <file>rtsv7M4_T_le_v4SPD16_eabi.lib</file>
         <name>hostread.c.obj</name>
      </input_file>
      <input_file id="fl-f5">
         <path>C:\ti\ccs1220\ccs\tools\compiler\ti-cgt-arm_20.2.7.LTS\lib\</path>
         <kind>archive</kind>
         <file>rtsv7M4_T_le_v4SPD16_eabi.lib</file>
         <name>hostrename.c.obj</name>
      </input_file>
      <input_file id="fl-f6">
         <path>C:\ti\ccs1220\ccs\tools\compiler\ti-cgt-arm_20.2.7.LTS\lib\</path>
         <kind>archive</kind>
         <file>rtsv7M4_T_le_v4SPD16_eabi.lib</file>
         <name>hostunlink.c.obj</name>
      </input_file>
      <input_file id="fl-f7">
         <path>C:\ti\ccs1220\ccs\tools\compiler\ti-cgt-arm_20.2.7.LTS\lib\</path>
         <kind>archive</kind>
         <file>rtsv7M4_T_le_v4SPD16_eabi.lib</file>
         <name>hostwrite.c.obj</name>
      </input_file>
      <input_file id="fl-f8">
         <path>C:\ti\ccs1220\ccs\tools\compiler\ti-cgt-arm_20.2.7.LTS\lib\</path>
         <kind>archive</kind>
         <file>rtsv7M4_T_le_v4SPD16_eabi.lib</file>
         <name>trgmsg.c.obj</name>
      </input_file>
      <input_file id="fl-f9">
         <path>C:\ti\ccs1220\ccs\tools\compiler\ti-cgt-arm_20.2.7.LTS\lib\</path>
         <kind>archive</kind>
         <file>rtsv7M4_T_le_v4SPD16_eabi.lib</file>
         <name>open.c.obj</name>
      </input_file>
      <input_file id="fl-fa">
         <path>C:\ti\ccs1220\ccs\tools\compiler\ti-cgt-arm_20.2.7.LTS\lib\</path>
         <kind>archive</kind>
         <file>rtsv7M4_T_le_v4SPD16_eabi.lib</file>
         <name>lseek.c.obj</name>
      </input_file>
      <input_file id="fl-fb">
         <path>C:\ti\ccs1220\ccs\tools\compiler\ti-cgt-arm_20.2.7.LTS\lib\</path>
         <kind>archive</kind>
         <file>rtsv7M4_T_le_v4SPD16_eabi.lib</file>
         <name>s_copysign.c.obj</name>
      </input_file>
      <input_file id="fl-fc">
         <path>C:\ti\ccs1220\ccs\tools\compiler\ti-cgt-arm_20.2.7.LTS\lib\</path>
         <kind>archive</kind>
         <file>rtsv7M4_T_le_v4SPD16_eabi.lib</file>
         <name>fclose.c.obj</name>
      </input_file>
      <input_file id="fl-fd">
         <path>C:\ti\ccs1220\ccs\tools\compiler\ti-cgt-arm_20.2.7.LTS\lib\</path>
         <kind>archive</kind>
         <file>rtsv7M4_T_le_v4SPD16_eabi.lib</file>
         <name>getdevice.c.obj</name>
      </input_file>
      <input_file id="fl-fe">
         <path>C:\ti\ccs1220\ccs\tools\compiler\ti-cgt-arm_20.2.7.LTS\lib\</path>
         <kind>archive</kind>
         <file>rtsv7M4_T_le_v4SPD16_eabi.lib</file>
         <name>strcmp.c.obj</name>
      </input_file>
      <input_file id="fl-ff">
         <path>C:\ti\ccs1220\ccs\tools\compiler\ti-cgt-arm_20.2.7.LTS\lib\</path>
         <kind>archive</kind>
         <file>rtsv7M4_T_le_v4SPD16_eabi.lib</file>
         <name>strcpy.c.obj</name>
      </input_file>
      <input_file id="fl-100">
         <path>C:\ti\ccs1220\ccs\tools\compiler\ti-cgt-arm_20.2.7.LTS\lib\</path>
         <kind>archive</kind>
         <file>rtsv7M4_T_le_v4SPD16_eabi.lib</file>
         <name>strncpy.c.obj</name>
      </input_file>
      <input_file id="fl-101">
         <path>C:\ti\ccs1220\ccs\tools\compiler\ti-cgt-arm_20.2.7.LTS\lib\</path>
         <kind>archive</kind>
         <file>rtsv7M4_T_le_v4SPD16_eabi.lib</file>
         <name>remove.c.obj</name>
      </input_file>
      <input_file id="fl-102">
         <path>C:\ti\ccs1220\ccs\tools\compiler\ti-cgt-arm_20.2.7.LTS\lib\</path>
         <kind>archive</kind>
         <file>rtsv7M4_T_le_v4SPD16_eabi.lib</file>
         <name>close.c.obj</name>
      </input_file>
      <input_file id="fl-103">
         <path>C:\ti\ccs1220\ccs\tools\compiler\ti-cgt-arm_20.2.7.LTS\lib\</path>
         <kind>archive</kind>
         <file>rtsv7M4_T_le_v4SPD16_eabi.lib</file>
         <name>unlink.c.obj</name>
      </input_file>
   </input_file_list>
   <object_component_list>
      <object_component id="oc-12">
         <name>.intvecs</name>
         <load_address>0x0</load_address>
         <run_address>0x0</run_address>
         <size>0x208</size>
         <input_file_ref idref="fl-3"/>
      </object_component>
      <object_component id="oc-14a">
         <name>.text:__TI_printfi</name>
         <load_address>0x208</load_address>
         <run_address>0x208</run_address>
         <size>0xa4e</size>
         <input_file_ref idref="fl-c6"/>
      </object_component>
      <object_component id="oc-16a">
         <name>.text:_nop</name>
         <load_address>0xc56</load_address>
         <run_address>0xc56</run_address>
         <size>0x2</size>
         <input_file_ref idref="fl-d8"/>
      </object_component>
      <object_component id="oc-d6">
         <name>.text</name>
         <load_address>0xc58</load_address>
         <run_address>0xc58</run_address>
         <size>0x45e</size>
         <input_file_ref idref="fl-9"/>
      </object_component>
      <object_component id="oc-2a2">
         <name>.text</name>
         <load_address>0x10b6</load_address>
         <run_address>0x10b6</run_address>
         <size>0x2</size>
         <input_file_ref idref="fl-ec"/>
      </object_component>
      <object_component id="oc-1b2">
         <name>.text:_pconv_a</name>
         <load_address>0x10b8</load_address>
         <run_address>0x10b8</run_address>
         <size>0x270</size>
         <input_file_ref idref="fl-c6"/>
      </object_component>
      <object_component id="oc-1a0">
         <name>.text:_pconv_g</name>
         <load_address>0x1328</load_address>
         <run_address>0x1328</run_address>
         <size>0x1d0</size>
         <input_file_ref idref="fl-c6"/>
      </object_component>
      <object_component id="oc-22b">
         <name>.text</name>
         <load_address>0x14f8</load_address>
         <run_address>0x14f8</run_address>
         <size>0x1b6</size>
         <input_file_ref idref="fl-cb"/>
      </object_component>
      <object_component id="oc-1ac">
         <name>.text:_pconv_e</name>
         <load_address>0x16b0</load_address>
         <run_address>0x16b0</run_address>
         <size>0x13c</size>
         <input_file_ref idref="fl-c6"/>
      </object_component>
      <object_component id="oc-211">
         <name>.text</name>
         <load_address>0x17ec</load_address>
         <run_address>0x17ec</run_address>
         <size>0x136</size>
         <input_file_ref idref="fl-cd"/>
      </object_component>
      <object_component id="oc-23d">
         <name>.text:fcvt</name>
         <load_address>0x1924</load_address>
         <run_address>0x1924</run_address>
         <size>0x124</size>
         <input_file_ref idref="fl-c6"/>
      </object_component>
      <object_component id="oc-1da">
         <name>.text:fputs</name>
         <load_address>0x1a48</load_address>
         <run_address>0x1a48</run_address>
         <size>0x114</size>
         <input_file_ref idref="fl-c8"/>
      </object_component>
      <object_component id="oc-251">
         <name>.text:scalbn</name>
         <load_address>0x1b5c</load_address>
         <run_address>0x1b5c</run_address>
         <size>0x110</size>
         <input_file_ref idref="fl-e8"/>
      </object_component>
      <object_component id="oc-34d">
         <name>.text:aligned_alloc</name>
         <load_address>0x1c6c</load_address>
         <run_address>0x1c6c</run_address>
         <size>0x100</size>
         <input_file_ref idref="fl-df"/>
      </object_component>
      <object_component id="oc-20c">
         <name>.text</name>
         <load_address>0x1d6c</load_address>
         <run_address>0x1d6c</run_address>
         <size>0xfc</size>
         <input_file_ref idref="fl-ce"/>
      </object_component>
      <object_component id="oc-30b">
         <name>.text:free</name>
         <load_address>0x1e68</load_address>
         <run_address>0x1e68</run_address>
         <size>0xe4</size>
         <input_file_ref idref="fl-df"/>
      </object_component>
      <object_component id="oc-2dd">
         <name>.text:setvbuf</name>
         <load_address>0x1f4c</load_address>
         <run_address>0x1f4c</run_address>
         <size>0xdc</size>
         <input_file_ref idref="fl-ca"/>
      </object_component>
      <object_component id="oc-195">
         <name>.text:_ltostr</name>
         <load_address>0x2028</load_address>
         <run_address>0x2028</run_address>
         <size>0xb1</size>
         <input_file_ref idref="fl-c6"/>
      </object_component>
      <object_component id="oc-3e">
         <name>.text</name>
         <load_address>0x20da</load_address>
         <run_address>0x20da</run_address>
         <size>0x9c</size>
         <input_file_ref idref="fl-d1"/>
      </object_component>
      <object_component id="oc-205">
         <name>.text</name>
         <load_address>0x2176</load_address>
         <run_address>0x2176</run_address>
         <size>0x96</size>
         <input_file_ref idref="fl-d3"/>
      </object_component>
      <object_component id="oc-1e1">
         <name>.text:fputc</name>
         <load_address>0x220c</load_address>
         <run_address>0x220c</run_address>
         <size>0x8c</size>
         <input_file_ref idref="fl-c7"/>
      </object_component>
      <object_component id="oc-19b">
         <name>.text:__aeabi_cdcmple</name>
         <load_address>0x2298</load_address>
         <run_address>0x2298</run_address>
         <size>0x86</size>
         <input_file_ref idref="fl-cc"/>
      </object_component>
      <object_component id="oc-216">
         <name>.text:__aeabi_cdrcmple</name>
         <load_address>0x231e</load_address>
         <run_address>0x231e</run_address>
         <size>0x86</size>
         <input_file_ref idref="fl-cc"/>
      </object_component>
      <object_component id="oc-96">
         <name>.text</name>
         <load_address>0x23a4</load_address>
         <run_address>0x23a4</run_address>
         <size>0x7a</size>
         <input_file_ref idref="fl-d2"/>
      </object_component>
      <object_component id="oc-354">
         <name>.text:__TI_closefile</name>
         <load_address>0x2420</load_address>
         <run_address>0x2420</run_address>
         <size>0x74</size>
         <input_file_ref idref="fl-fc"/>
      </object_component>
      <object_component id="oc-395">
         <name>.text:split</name>
         <load_address>0x2494</load_address>
         <run_address>0x2494</run_address>
         <size>0x70</size>
         <input_file_ref idref="fl-df"/>
      </object_component>
      <object_component id="oc-236">
         <name>.text:_mcpy</name>
         <load_address>0x2504</load_address>
         <run_address>0x2504</run_address>
         <size>0x6e</size>
         <input_file_ref idref="fl-c6"/>
      </object_component>
      <object_component id="oc-384">
         <name>.text:HOSTrename</name>
         <load_address>0x2574</load_address>
         <run_address>0x2574</run_address>
         <size>0x6c</size>
         <input_file_ref idref="fl-f5"/>
      </object_component>
      <object_component id="oc-378">
         <name>.text:HOSTlseek</name>
         <load_address>0x25e0</load_address>
         <run_address>0x25e0</run_address>
         <size>0x68</size>
         <input_file_ref idref="fl-f2"/>
      </object_component>
      <object_component id="oc-15">
         <name>.text:decompress:lzss:__TI_decompress_lzss</name>
         <load_address>0x2648</load_address>
         <run_address>0x2648</run_address>
         <size>0x68</size>
         <input_file_ref idref="fl-d6"/>
      </object_component>
      <object_component id="oc-120">
         <name>.text:printf</name>
         <load_address>0x26b0</load_address>
         <run_address>0x26b0</run_address>
         <size>0x68</size>
         <input_file_ref idref="fl-c5"/>
      </object_component>
      <object_component id="oc-24b">
         <name>.text:frexp</name>
         <load_address>0x2718</load_address>
         <run_address>0x2718</run_address>
         <size>0x64</size>
         <input_file_ref idref="fl-e7"/>
      </object_component>
      <object_component id="oc-2d7">
         <name>.text:fseek</name>
         <load_address>0x277c</load_address>
         <run_address>0x277c</run_address>
         <size>0x64</size>
         <input_file_ref idref="fl-eb"/>
      </object_component>
      <object_component id="oc-27f">
         <name>.text:__TI_wrt_ok</name>
         <load_address>0x27e0</load_address>
         <run_address>0x27e0</run_address>
         <size>0x62</size>
         <input_file_ref idref="fl-c9"/>
      </object_component>
      <object_component id="oc-360">
         <name>.text:HOSTopen</name>
         <load_address>0x2844</load_address>
         <run_address>0x2844</run_address>
         <size>0x60</size>
         <input_file_ref idref="fl-f3"/>
      </object_component>
      <object_component id="oc-39c">
         <name>.text:close</name>
         <load_address>0x28a4</load_address>
         <run_address>0x28a4</run_address>
         <size>0x5c</size>
         <input_file_ref idref="fl-102"/>
      </object_component>
      <object_component id="oc-36c">
         <name>.text:HOSTread</name>
         <load_address>0x2900</load_address>
         <run_address>0x2900</run_address>
         <size>0x58</size>
         <input_file_ref idref="fl-f4"/>
      </object_component>
      <object_component id="oc-372">
         <name>.text:HOSTwrite</name>
         <load_address>0x2958</load_address>
         <run_address>0x2958</run_address>
         <size>0x58</size>
         <input_file_ref idref="fl-f7"/>
      </object_component>
      <object_component id="oc-1a6">
         <name>.text:_pconv_f</name>
         <load_address>0x29b0</load_address>
         <run_address>0x29b0</run_address>
         <size>0x56</size>
         <input_file_ref idref="fl-c6"/>
      </object_component>
      <object_component id="oc-220">
         <name>.text:__TI_ltoa</name>
         <load_address>0x2a06</load_address>
         <run_address>0x2a06</run_address>
         <size>0x54</size>
         <input_file_ref idref="fl-d9"/>
      </object_component>
      <object_component id="oc-230">
         <name>.text:_ecpy</name>
         <load_address>0x2a5a</load_address>
         <run_address>0x2a5a</run_address>
         <size>0x52</size>
         <input_file_ref idref="fl-c6"/>
      </object_component>
      <object_component id="oc-28b">
         <name>.text:__TI_doflush</name>
         <load_address>0x2aac</load_address>
         <run_address>0x2aac</run_address>
         <size>0x4c</size>
         <input_file_ref idref="fl-e9"/>
      </object_component>
      <object_component id="oc-18f">
         <name>.text:atoi</name>
         <load_address>0x2af8</load_address>
         <run_address>0x2af8</run_address>
         <size>0x4c</size>
         <input_file_ref idref="fl-da"/>
      </object_component>
      <object_component id="oc-e3">
         <name>.text:exit</name>
         <load_address>0x2b44</load_address>
         <run_address>0x2b44</run_address>
         <size>0x48</size>
         <input_file_ref idref="fl-d7"/>
      </object_component>
      <object_component id="oc-21b">
         <name>.text</name>
         <load_address>0x2b8c</load_address>
         <run_address>0x2b8c</run_address>
         <size>0x48</size>
         <input_file_ref idref="fl-cf"/>
      </object_component>
      <object_component id="oc-366">
         <name>.text:HOSTclose</name>
         <load_address>0x2bd4</load_address>
         <run_address>0x2bd4</run_address>
         <size>0x44</size>
         <input_file_ref idref="fl-f1"/>
      </object_component>
      <object_component id="oc-37e">
         <name>.text:HOSTunlink</name>
         <load_address>0x2c18</load_address>
         <run_address>0x2c18</run_address>
         <size>0x44</size>
         <input_file_ref idref="fl-f6"/>
      </object_component>
      <object_component id="oc-e9">
         <name>.text:__TI_auto_init_nobinit_nopinit:__TI_auto_init_nobinit_nopinit</name>
         <load_address>0x2c5c</load_address>
         <run_address>0x2c5c</run_address>
         <size>0x44</size>
         <input_file_ref idref="fl-ed"/>
      </object_component>
      <object_component id="oc-3d4">
         <name>.text:getdevice</name>
         <load_address>0x2ca0</load_address>
         <run_address>0x2ca0</run_address>
         <size>0x44</size>
         <input_file_ref idref="fl-fd"/>
      </object_component>
      <object_component id="oc-243">
         <name>.text:_fcpy</name>
         <load_address>0x2ce4</load_address>
         <run_address>0x2ce4</run_address>
         <size>0x3e</size>
         <input_file_ref idref="fl-c6"/>
      </object_component>
      <object_component id="oc-3ad">
         <name>.text:__TI_writemsg</name>
         <load_address>0x2d24</load_address>
         <run_address>0x2d24</run_address>
         <size>0x38</size>
         <input_file_ref idref="fl-f8"/>
      </object_component>
      <object_component id="oc-3f6">
         <name>.text:strncpy</name>
         <load_address>0x2d5c</load_address>
         <run_address>0x2d5c</run_address>
         <size>0x36</size>
         <input_file_ref idref="fl-100"/>
      </object_component>
      <object_component id="oc-317">
         <name>.text:__TI_cleanup</name>
         <load_address>0x2d94</load_address>
         <run_address>0x2d94</run_address>
         <size>0x34</size>
         <input_file_ref idref="fl-ea"/>
      </object_component>
      <object_component id="oc-3b3">
         <name>.text:__TI_readmsg</name>
         <load_address>0x2dc8</load_address>
         <run_address>0x2dc8</run_address>
         <size>0x34</size>
         <input_file_ref idref="fl-f8"/>
      </object_component>
      <object_component id="oc-5c">
         <name>.text:_c_int00_noargs:_c_int00_noargs</name>
         <load_address>0x2dfc</load_address>
         <run_address>0x2dfc</run_address>
         <size>0x34</size>
         <input_file_ref idref="fl-e2"/>
      </object_component>
      <object_component id="oc-3fc">
         <name>.text:finddevice</name>
         <load_address>0x2e30</load_address>
         <run_address>0x2e30</run_address>
         <size>0x30</size>
         <input_file_ref idref="fl-fd"/>
      </object_component>
      <object_component id="oc-226">
         <name>.text</name>
         <load_address>0x2e60</load_address>
         <run_address>0x2e60</run_address>
         <size>0x2e</size>
         <input_file_ref idref="fl-d0"/>
      </object_component>
      <object_component id="oc-3a2">
         <name>.text:unlink</name>
         <load_address>0x2e90</load_address>
         <run_address>0x2e90</run_address>
         <size>0x2c</size>
         <input_file_ref idref="fl-103"/>
      </object_component>
      <object_component id="oc-346">
         <name>.text:free_list_insert</name>
         <load_address>0x2ebc</load_address>
         <run_address>0x2ebc</run_address>
         <size>0x28</size>
         <input_file_ref idref="fl-df"/>
      </object_component>
      <object_component id="oc-303">
         <name>.text:lseek</name>
         <load_address>0x2ee4</load_address>
         <run_address>0x2ee4</run_address>
         <size>0x28</size>
         <input_file_ref idref="fl-fa"/>
      </object_component>
      <object_component id="oc-291">
         <name>.text:write</name>
         <load_address>0x2f0c</load_address>
         <run_address>0x2f0c</run_address>
         <size>0x28</size>
         <input_file_ref idref="fl-e3"/>
      </object_component>
      <object_component id="oc-285">
         <name>.text:memchr</name>
         <load_address>0x2f34</load_address>
         <run_address>0x2f34</run_address>
         <size>0x20</size>
         <input_file_ref idref="fl-de"/>
      </object_component>
      <object_component id="oc-4a">
         <name>.text:decompress:ZI:__TI_zero_init_nomemset:__TI_zero_init_nomemset</name>
         <load_address>0x2f54</load_address>
         <run_address>0x2f54</run_address>
         <size>0x1c</size>
         <input_file_ref idref="fl-d4"/>
      </object_component>
      <object_component id="oc-340">
         <name>.text:free_list_remove</name>
         <load_address>0x2f70</load_address>
         <run_address>0x2f70</run_address>
         <size>0x1c</size>
         <input_file_ref idref="fl-df"/>
      </object_component>
      <object_component id="oc-1b8">
         <name>.text:memccpy</name>
         <load_address>0x2f8c</load_address>
         <run_address>0x2f8c</run_address>
         <size>0x1c</size>
         <input_file_ref idref="fl-dd"/>
      </object_component>
      <object_component id="oc-2bb">
         <name>.text:copysign</name>
         <load_address>0x2fa8</load_address>
         <run_address>0x2fa8</run_address>
         <size>0x1a</size>
         <input_file_ref idref="fl-fb"/>
      </object_component>
      <object_component id="oc-159">
         <name>.text:_outc</name>
         <load_address>0x2fc2</load_address>
         <run_address>0x2fc2</run_address>
         <size>0x4</size>
         <input_file_ref idref="fl-c5"/>
      </object_component>
      <object_component id="oc-2a">
         <name>.text</name>
         <load_address>0x2fc8</load_address>
         <run_address>0x2fc8</run_address>
         <size>0x1a</size>
         <input_file_ref idref="fl-3"/>
      </object_component>
      <object_component id="oc-413">
         <name>.text:strcmp</name>
         <load_address>0x2fe2</load_address>
         <run_address>0x2fe2</run_address>
         <size>0x18</size>
         <input_file_ref idref="fl-fe"/>
      </object_component>
      <object_component id="oc-257">
         <name>.text:strchr</name>
         <load_address>0x2ffa</load_address>
         <run_address>0x2ffa</run_address>
         <size>0x16</size>
         <input_file_ref idref="fl-e0"/>
      </object_component>
      <object_component id="oc-3c7">
         <name>.text:strcpy</name>
         <load_address>0x3010</load_address>
         <run_address>0x3010</run_address>
         <size>0x14</size>
         <input_file_ref idref="fl-ff"/>
      </object_component>
      <object_component id="oc-189">
         <name>.text:strlen</name>
         <load_address>0x3024</load_address>
         <run_address>0x3024</run_address>
         <size>0x14</size>
         <input_file_ref idref="fl-e1"/>
      </object_component>
      <object_component id="oc-1be">
         <name>.text:wcslen</name>
         <load_address>0x3038</load_address>
         <run_address>0x3038</run_address>
         <size>0x12</size>
         <input_file_ref idref="fl-e6"/>
      </object_component>
      <object_component id="oc-1b">
         <name>.text:decompress:none:__TI_decompress_none</name>
         <load_address>0x304a</load_address>
         <run_address>0x304a</run_address>
         <size>0xe</size>
         <input_file_ref idref="fl-d5"/>
      </object_component>
      <object_component id="oc-a2">
         <name>.text</name>
         <load_address>0x3058</load_address>
         <run_address>0x3058</run_address>
         <size>0xc</size>
         <input_file_ref idref="fl-2"/>
      </object_component>
      <object_component id="oc-1c4">
         <name>.text:__aeabi_errno_addr</name>
         <load_address>0x3064</load_address>
         <run_address>0x3064</run_address>
         <size>0x8</size>
         <input_file_ref idref="fl-e5"/>
      </object_component>
      <object_component id="oc-311">
         <name>.text:malloc</name>
         <load_address>0x306c</load_address>
         <run_address>0x306c</run_address>
         <size>0x8</size>
         <input_file_ref idref="fl-df"/>
      </object_component>
      <object_component id="oc-153">
         <name>.text:_outs</name>
         <load_address>0x3074</load_address>
         <run_address>0x3074</run_address>
         <size>0x4</size>
         <input_file_ref idref="fl-c5"/>
      </object_component>
      <object_component id="oc-9c">
         <name>.text:_system_pre_init</name>
         <load_address>0x3078</load_address>
         <run_address>0x3078</run_address>
         <size>0x4</size>
         <input_file_ref idref="fl-ee"/>
      </object_component>
      <object_component id="oc-dd">
         <name>.text:abort:abort</name>
         <load_address>0x307c</load_address>
         <run_address>0x307c</run_address>
         <size>0x4</size>
         <input_file_ref idref="fl-d7"/>
      </object_component>
      <object_component id="oc-200">
         <name>.const:.string:_ctypes_</name>
         <load_address>0x3080</load_address>
         <run_address>0x3080</run_address>
         <size>0x101</size>
         <input_file_ref idref="fl-db"/>
      </object_component>
      <object_component id="oc-44d">
         <name>.cinit..data.load</name>
         <load_address>0x3188</load_address>
         <run_address>0x3188</run_address>
         <size>0x68</size>
      </object_component>
      <object_component id="oc-44b">
         <name>__TI_handler_table</name>
         <load_address>0x31f0</load_address>
         <run_address>0x31f0</run_address>
         <size>0xc</size>
      </object_component>
      <object_component id="oc-44e">
         <name>.cinit..bss.load</name>
         <load_address>0x3200</load_address>
         <run_address>0x3200</run_address>
         <size>0x8</size>
      </object_component>
      <object_component id="oc-44c">
         <name>__TI_cinit_table</name>
         <load_address>0x3208</load_address>
         <run_address>0x3208</run_address>
         <size>0x10</size>
      </object_component>
      <object_component id="oc-11d">
         <name>.data</name>
         <load_address>0x200011e4</load_address>
         <run_address>0x200011e4</run_address>
         <size>0x4</size>
         <input_file_ref idref="fl-9"/>
      </object_component>
      <object_component id="oc-129">
         <name>.data:$O1$$</name>
         <load_address>0x200011c8</load_address>
         <run_address>0x200011c8</run_address>
         <size>0xc</size>
         <input_file_ref idref="fl-d7"/>
      </object_component>
      <object_component id="oc-12c">
         <name>.data:$O1$$</name>
         <load_address>0x200011d4</load_address>
         <run_address>0x200011d4</run_address>
         <size>0x8</size>
         <input_file_ref idref="fl-d8"/>
      </object_component>
      <object_component id="oc-150">
         <name>.data:_ftable</name>
         <load_address>0x20001000</load_address>
         <run_address>0x20001000</run_address>
         <size>0xf0</size>
         <input_file_ref idref="fl-dc"/>
      </object_component>
      <object_component id="oc-35a">
         <name>.data</name>
         <load_address>0x200011b8</load_address>
         <run_address>0x200011b8</run_address>
         <size>0x10</size>
         <input_file_ref idref="fl-dc"/>
      </object_component>
      <object_component id="oc-390">
         <name>.data:$O1$$</name>
         <load_address>0x200011dc</load_address>
         <run_address>0x200011dc</run_address>
         <size>0x8</size>
         <input_file_ref idref="fl-df"/>
      </object_component>
      <object_component id="oc-32a">
         <name>.data:_device</name>
         <load_address>0x200010f0</load_address>
         <run_address>0x200010f0</run_address>
         <size>0x78</size>
         <input_file_ref idref="fl-e4"/>
      </object_component>
      <object_component id="oc-2e9">
         <name>.data:_stream</name>
         <load_address>0x20001168</load_address>
         <run_address>0x20001168</run_address>
         <size>0x50</size>
         <input_file_ref idref="fl-e4"/>
      </object_component>
      <object_component id="oc-267">
         <name>.data</name>
         <load_address>0x200011e8</load_address>
         <run_address>0x200011e8</run_address>
         <size>0x4</size>
         <input_file_ref idref="fl-e5"/>
      </object_component>
      <object_component id="oc-3de">
         <name>.bss:_CIOBUF_</name>
         <uninitialized>true</uninitialized>
         <run_address>0x200011ec</run_address>
         <size>0x120</size>
         <input_file_ref idref="fl-f8"/>
      </object_component>
      <object_component id="oc-3a8">
         <name>.common:__TI_tmpnams</name>
         <uninitialized>true</uninitialized>
         <run_address>0x2000130c</run_address>
         <size>0xa0</size>
      </object_component>
      <object_component id="oc-3b9">
         <name>.common:parmbuf</name>
         <uninitialized>true</uninitialized>
         <run_address>0x200013ac</run_address>
         <size>0x8</size>
      </object_component>
      <object_component id="oc-24">
         <name>.sysmem</name>
         <uninitialized>true</uninitialized>
         <run_address>0x20000800</run_address>
         <size>0x10</size>
         <input_file_ref idref="fl-df"/>
      </object_component>
      <object_component id="oc-451">
         <name>.sysmem</name>
         <uninitialized>true</uninitialized>
         <run_address>0x20000800</run_address>
         <size>0x0</size>
      </object_component>
      <object_component id="oc-27">
         <name>.stack</name>
         <uninitialized>true</uninitialized>
         <run_address>0x20000000</run_address>
         <size>0x4</size>
         <input_file_ref idref="fl-e2"/>
      </object_component>
      <object_component id="oc-450">
         <name>.stack</name>
         <uninitialized>true</uninitialized>
         <run_address>0x20000000</run_address>
         <size>0x0</size>
      </object_component>
      <object_component id="oc-c5">
         <name>.debug_info</name>
         <load_address>0x0</load_address>
         <run_address>0x0</run_address>
         <size>0x386</size>
         <input_file_ref idref="fl-2"/>
      </object_component>
      <object_component id="oc-a3">
         <name>.debug_info</name>
         <load_address>0x386</load_address>
         <run_address>0x386</run_address>
         <size>0x144</size>
         <input_file_ref idref="fl-2"/>
      </object_component>
      <object_component id="oc-77">
         <name>.debug_info</name>
         <load_address>0x4ca</load_address>
         <run_address>0x4ca</run_address>
         <size>0x26b</size>
         <input_file_ref idref="fl-2"/>
      </object_component>
      <object_component id="oc-39">
         <name>.debug_info</name>
         <load_address>0x735</load_address>
         <run_address>0x735</run_address>
         <size>0x84</size>
         <input_file_ref idref="fl-2"/>
      </object_component>
      <object_component id="oc-c0">
         <name>.debug_info</name>
         <load_address>0x7b9</load_address>
         <run_address>0x7b9</run_address>
         <size>0x2a4</size>
         <input_file_ref idref="fl-2"/>
      </object_component>
      <object_component id="oc-7c">
         <name>.debug_info</name>
         <load_address>0xa5d</load_address>
         <run_address>0xa5d</run_address>
         <size>0xbb</size>
         <input_file_ref idref="fl-2"/>
      </object_component>
      <object_component id="oc-161">
         <name>.debug_info</name>
         <load_address>0xb18</load_address>
         <run_address>0xb18</run_address>
         <size>0x2c</size>
         <input_file_ref idref="fl-2"/>
      </object_component>
      <object_component id="oc-32">
         <name>.debug_info</name>
         <load_address>0xb44</load_address>
         <run_address>0xb44</run_address>
         <size>0x2f0</size>
         <input_file_ref idref="fl-3"/>
      </object_component>
      <object_component id="oc-13">
         <name>.debug_info</name>
         <load_address>0xe34</load_address>
         <run_address>0xe34</run_address>
         <size>0x12f</size>
         <input_file_ref idref="fl-3"/>
      </object_component>
      <object_component id="oc-2d">
         <name>.debug_info</name>
         <load_address>0xf63</load_address>
         <run_address>0xf63</run_address>
         <size>0x2ae</size>
         <input_file_ref idref="fl-3"/>
      </object_component>
      <object_component id="oc-127">
         <name>.debug_info</name>
         <load_address>0x1211</load_address>
         <run_address>0x1211</run_address>
         <size>0x2f2</size>
         <input_file_ref idref="fl-9"/>
      </object_component>
      <object_component id="oc-11e">
         <name>.debug_info</name>
         <load_address>0x1503</load_address>
         <run_address>0x1503</run_address>
         <size>0x127</size>
         <input_file_ref idref="fl-9"/>
      </object_component>
      <object_component id="oc-d7">
         <name>.debug_info</name>
         <load_address>0x162a</load_address>
         <run_address>0x162a</run_address>
         <size>0x3f3</size>
         <input_file_ref idref="fl-9"/>
      </object_component>
      <object_component id="oc-160">
         <name>.debug_info</name>
         <load_address>0x1a1d</load_address>
         <run_address>0x1a1d</run_address>
         <size>0x3e5</size>
         <input_file_ref idref="fl-c5"/>
      </object_component>
      <object_component id="oc-15b">
         <name>.debug_info</name>
         <load_address>0x1e02</load_address>
         <run_address>0x1e02</run_address>
         <size>0x157</size>
         <input_file_ref idref="fl-c5"/>
      </object_component>
      <object_component id="oc-155">
         <name>.debug_info</name>
         <load_address>0x1f59</load_address>
         <run_address>0x1f59</run_address>
         <size>0x166</size>
         <input_file_ref idref="fl-c5"/>
      </object_component>
      <object_component id="oc-123">
         <name>.debug_info</name>
         <load_address>0x20bf</load_address>
         <run_address>0x20bf</run_address>
         <size>0x1ac</size>
         <input_file_ref idref="fl-c5"/>
      </object_component>
      <object_component id="oc-1ea">
         <name>.debug_info</name>
         <load_address>0x226b</load_address>
         <run_address>0x226b</run_address>
         <size>0xb2</size>
         <input_file_ref idref="fl-c5"/>
      </object_component>
      <object_component id="oc-1cb">
         <name>.debug_info</name>
         <load_address>0x231d</load_address>
         <run_address>0x231d</run_address>
         <size>0x590</size>
         <input_file_ref idref="fl-c6"/>
      </object_component>
      <object_component id="oc-199">
         <name>.debug_info</name>
         <load_address>0x28ad</load_address>
         <run_address>0x28ad</run_address>
         <size>0x21e</size>
         <input_file_ref idref="fl-c6"/>
      </object_component>
      <object_component id="oc-234">
         <name>.debug_info</name>
         <load_address>0x2acb</load_address>
         <run_address>0x2acb</run_address>
         <size>0x1b3</size>
         <input_file_ref idref="fl-c6"/>
      </object_component>
      <object_component id="oc-23a">
         <name>.debug_info</name>
         <load_address>0x2c7e</load_address>
         <run_address>0x2c7e</run_address>
         <size>0x21b</size>
         <input_file_ref idref="fl-c6"/>
      </object_component>
      <object_component id="oc-1a4">
         <name>.debug_info</name>
         <load_address>0x2e99</load_address>
         <run_address>0x2e99</run_address>
         <size>0x3c0</size>
         <input_file_ref idref="fl-c6"/>
      </object_component>
      <object_component id="oc-241">
         <name>.debug_info</name>
         <load_address>0x3259</load_address>
         <run_address>0x3259</run_address>
         <size>0x30a</size>
         <input_file_ref idref="fl-c6"/>
      </object_component>
      <object_component id="oc-247">
         <name>.debug_info</name>
         <load_address>0x3563</load_address>
         <run_address>0x3563</run_address>
         <size>0x215</size>
         <input_file_ref idref="fl-c6"/>
      </object_component>
      <object_component id="oc-1aa">
         <name>.debug_info</name>
         <load_address>0x3778</load_address>
         <run_address>0x3778</run_address>
         <size>0x215</size>
         <input_file_ref idref="fl-c6"/>
      </object_component>
      <object_component id="oc-1b0">
         <name>.debug_info</name>
         <load_address>0x398d</load_address>
         <run_address>0x398d</run_address>
         <size>0x304</size>
         <input_file_ref idref="fl-c6"/>
      </object_component>
      <object_component id="oc-1b6">
         <name>.debug_info</name>
         <load_address>0x3c91</load_address>
         <run_address>0x3c91</run_address>
         <size>0x4b5</size>
         <input_file_ref idref="fl-c6"/>
      </object_component>
      <object_component id="oc-14e">
         <name>.debug_info</name>
         <load_address>0x4146</load_address>
         <run_address>0x4146</run_address>
         <size>0x5f4</size>
         <input_file_ref idref="fl-c6"/>
      </object_component>
      <object_component id="oc-1cc">
         <name>.debug_info</name>
         <load_address>0x473a</load_address>
         <run_address>0x473a</run_address>
         <size>0x86</size>
         <input_file_ref idref="fl-c6"/>
      </object_component>
      <object_component id="oc-273">
         <name>.debug_info</name>
         <load_address>0x47c0</load_address>
         <run_address>0x47c0</run_address>
         <size>0x39</size>
         <input_file_ref idref="fl-c6"/>
      </object_component>
      <object_component id="oc-2d2">
         <name>.debug_info</name>
         <load_address>0x47f9</load_address>
         <run_address>0x47f9</run_address>
         <size>0xb6</size>
         <input_file_ref idref="fl-c6"/>
      </object_component>
      <object_component id="oc-278">
         <name>.debug_info</name>
         <load_address>0x48af</load_address>
         <run_address>0x48af</run_address>
         <size>0x46</size>
         <input_file_ref idref="fl-c6"/>
      </object_component>
      <object_component id="oc-1d1">
         <name>.debug_info</name>
         <load_address>0x48f5</load_address>
         <run_address>0x48f5</run_address>
         <size>0x46</size>
         <input_file_ref idref="fl-c6"/>
      </object_component>
      <object_component id="oc-26e">
         <name>.debug_info</name>
         <load_address>0x493b</load_address>
         <run_address>0x493b</run_address>
         <size>0x2c</size>
         <input_file_ref idref="fl-c6"/>
      </object_component>
      <object_component id="oc-29a">
         <name>.debug_info</name>
         <load_address>0x4967</load_address>
         <run_address>0x4967</run_address>
         <size>0x383</size>
         <input_file_ref idref="fl-c7"/>
      </object_component>
      <object_component id="oc-1e5">
         <name>.debug_info</name>
         <load_address>0x4cea</load_address>
         <run_address>0x4cea</run_address>
         <size>0x1ea</size>
         <input_file_ref idref="fl-c7"/>
      </object_component>
      <object_component id="oc-298">
         <name>.debug_info</name>
         <load_address>0x4ed4</load_address>
         <run_address>0x4ed4</run_address>
         <size>0x3fc</size>
         <input_file_ref idref="fl-c8"/>
      </object_component>
      <object_component id="oc-1db">
         <name>.debug_info</name>
         <load_address>0x52d0</load_address>
         <run_address>0x52d0</run_address>
         <size>0x2e2</size>
         <input_file_ref idref="fl-c8"/>
      </object_component>
      <object_component id="oc-cd">
         <name>.debug_info</name>
         <load_address>0x55b2</load_address>
         <run_address>0x55b2</run_address>
         <size>0x2c</size>
         <input_file_ref idref="fl-c8"/>
      </object_component>
      <object_component id="oc-2e4">
         <name>.debug_info</name>
         <load_address>0x55de</load_address>
         <run_address>0x55de</run_address>
         <size>0x300</size>
         <input_file_ref idref="fl-c9"/>
      </object_component>
      <object_component id="oc-282">
         <name>.debug_info</name>
         <load_address>0x58de</load_address>
         <run_address>0x58de</run_address>
         <size>0x19c</size>
         <input_file_ref idref="fl-c9"/>
      </object_component>
      <object_component id="oc-31f">
         <name>.debug_info</name>
         <load_address>0x5a7a</load_address>
         <run_address>0x5a7a</run_address>
         <size>0xbf</size>
         <input_file_ref idref="fl-c9"/>
      </object_component>
      <object_component id="oc-31e">
         <name>.debug_info</name>
         <load_address>0x5b39</load_address>
         <run_address>0x5b39</run_address>
         <size>0x374</size>
         <input_file_ref idref="fl-ca"/>
      </object_component>
      <object_component id="oc-2e0">
         <name>.debug_info</name>
         <load_address>0x5ead</load_address>
         <run_address>0x5ead</run_address>
         <size>0x20b</size>
         <input_file_ref idref="fl-ca"/>
      </object_component>
      <object_component id="oc-22c">
         <name>.debug_info</name>
         <load_address>0x60b8</load_address>
         <run_address>0x60b8</run_address>
         <size>0x14c</size>
         <input_file_ref idref="fl-cb"/>
      </object_component>
      <object_component id="oc-19e">
         <name>.debug_info</name>
         <load_address>0x6204</load_address>
         <run_address>0x6204</run_address>
         <size>0x128</size>
         <input_file_ref idref="fl-cc"/>
      </object_component>
      <object_component id="oc-217">
         <name>.debug_info</name>
         <load_address>0x632c</load_address>
         <run_address>0x632c</run_address>
         <size>0x12a</size>
         <input_file_ref idref="fl-cc"/>
      </object_component>
      <object_component id="oc-214">
         <name>.debug_info</name>
         <load_address>0x6456</load_address>
         <run_address>0x6456</run_address>
         <size>0x13a</size>
         <input_file_ref idref="fl-cd"/>
      </object_component>
      <object_component id="oc-20e">
         <name>.debug_info</name>
         <load_address>0x6590</load_address>
         <run_address>0x6590</run_address>
         <size>0x13a</size>
         <input_file_ref idref="fl-ce"/>
      </object_component>
      <object_component id="oc-21c">
         <name>.debug_info</name>
         <load_address>0x66ca</load_address>
         <run_address>0x66ca</run_address>
         <size>0x12e</size>
         <input_file_ref idref="fl-cf"/>
      </object_component>
      <object_component id="oc-227">
         <name>.debug_info</name>
         <load_address>0x67f8</load_address>
         <run_address>0x67f8</run_address>
         <size>0x12c</size>
         <input_file_ref idref="fl-d0"/>
      </object_component>
      <object_component id="oc-3f">
         <name>.debug_info</name>
         <load_address>0x6924</load_address>
         <run_address>0x6924</run_address>
         <size>0x119</size>
         <input_file_ref idref="fl-d1"/>
      </object_component>
      <object_component id="oc-97">
         <name>.debug_info</name>
         <load_address>0x6a3d</load_address>
         <run_address>0x6a3d</run_address>
         <size>0x147</size>
         <input_file_ref idref="fl-d2"/>
      </object_component>
      <object_component id="oc-206">
         <name>.debug_info</name>
         <load_address>0x6b84</load_address>
         <run_address>0x6b84</run_address>
         <size>0x134</size>
         <input_file_ref idref="fl-d3"/>
      </object_component>
      <object_component id="oc-95">
         <name>.debug_info</name>
         <load_address>0x6cb8</load_address>
         <run_address>0x6cb8</run_address>
         <size>0x2d4</size>
         <input_file_ref idref="fl-d4"/>
      </object_component>
      <object_component id="oc-4b">
         <name>.debug_info</name>
         <load_address>0x6f8c</load_address>
         <run_address>0x6f8c</run_address>
         <size>0x1d2</size>
         <input_file_ref idref="fl-d4"/>
      </object_component>
      <object_component id="oc-90">
         <name>.debug_info</name>
         <load_address>0x715e</load_address>
         <run_address>0x715e</run_address>
         <size>0x46</size>
         <input_file_ref idref="fl-d4"/>
      </object_component>
      <object_component id="oc-49">
         <name>.debug_info</name>
         <load_address>0x71a4</load_address>
         <run_address>0x71a4</run_address>
         <size>0x2a8</size>
         <input_file_ref idref="fl-d5"/>
      </object_component>
      <object_component id="oc-1c">
         <name>.debug_info</name>
         <load_address>0x744c</load_address>
         <run_address>0x744c</run_address>
         <size>0x1ea</size>
         <input_file_ref idref="fl-d5"/>
      </object_component>
      <object_component id="oc-44">
         <name>.debug_info</name>
         <load_address>0x7636</load_address>
         <run_address>0x7636</run_address>
         <size>0x46</size>
         <input_file_ref idref="fl-d5"/>
      </object_component>
      <object_component id="oc-88">
         <name>.debug_info</name>
         <load_address>0x767c</load_address>
         <run_address>0x767c</run_address>
         <size>0x2c</size>
         <input_file_ref idref="fl-d5"/>
      </object_component>
      <object_component id="oc-86">
         <name>.debug_info</name>
         <load_address>0x76a8</load_address>
         <run_address>0x76a8</run_address>
         <size>0x29e</size>
         <input_file_ref idref="fl-d6"/>
      </object_component>
      <object_component id="oc-18">
         <name>.debug_info</name>
         <load_address>0x7946</load_address>
         <run_address>0x7946</run_address>
         <size>0x250</size>
         <input_file_ref idref="fl-d6"/>
      </object_component>
      <object_component id="oc-34">
         <name>.debug_info</name>
         <load_address>0x7b96</load_address>
         <run_address>0x7b96</run_address>
         <size>0x60</size>
         <input_file_ref idref="fl-d6"/>
      </object_component>
      <object_component id="oc-c6">
         <name>.debug_info</name>
         <load_address>0x7bf6</load_address>
         <run_address>0x7bf6</run_address>
         <size>0x46</size>
         <input_file_ref idref="fl-d6"/>
      </object_component>
      <object_component id="oc-81">
         <name>.debug_info</name>
         <load_address>0x7c3c</load_address>
         <run_address>0x7c3c</run_address>
         <size>0x39</size>
         <input_file_ref idref="fl-d6"/>
      </object_component>
      <object_component id="oc-130">
         <name>.debug_info</name>
         <load_address>0x7c75</load_address>
         <run_address>0x7c75</run_address>
         <size>0x3ad</size>
         <input_file_ref idref="fl-d7"/>
      </object_component>
      <object_component id="oc-12a">
         <name>.debug_info</name>
         <load_address>0x8022</load_address>
         <run_address>0x8022</run_address>
         <size>0x190</size>
         <input_file_ref idref="fl-d7"/>
      </object_component>
      <object_component id="oc-e0">
         <name>.debug_info</name>
         <load_address>0x81b2</load_address>
         <run_address>0x81b2</run_address>
         <size>0x122</size>
         <input_file_ref idref="fl-d7"/>
      </object_component>
      <object_component id="oc-e7">
         <name>.debug_info</name>
         <load_address>0x82d4</load_address>
         <run_address>0x82d4</run_address>
         <size>0x184</size>
         <input_file_ref idref="fl-d7"/>
      </object_component>
      <object_component id="oc-172">
         <name>.debug_info</name>
         <load_address>0x8458</load_address>
         <run_address>0x8458</run_address>
         <size>0x2c9</size>
         <input_file_ref idref="fl-d8"/>
      </object_component>
      <object_component id="oc-12d">
         <name>.debug_info</name>
         <load_address>0x8721</load_address>
         <run_address>0x8721</run_address>
         <size>0x11e</size>
         <input_file_ref idref="fl-d8"/>
      </object_component>
      <object_component id="oc-16e">
         <name>.debug_info</name>
         <load_address>0x883f</load_address>
         <run_address>0x883f</run_address>
         <size>0x12e</size>
         <input_file_ref idref="fl-d8"/>
      </object_component>
      <object_component id="oc-2ad">
         <name>.debug_info</name>
         <load_address>0x896d</load_address>
         <run_address>0x896d</run_address>
         <size>0x29c</size>
         <input_file_ref idref="fl-d9"/>
      </object_component>
      <object_component id="oc-224">
         <name>.debug_info</name>
         <load_address>0x8c09</load_address>
         <run_address>0x8c09</run_address>
         <size>0x1da</size>
         <input_file_ref idref="fl-d9"/>
      </object_component>
      <object_component id="oc-204">
         <name>.debug_info</name>
         <load_address>0x8de3</load_address>
         <run_address>0x8de3</run_address>
         <size>0x2b9</size>
         <input_file_ref idref="fl-da"/>
      </object_component>
      <object_component id="oc-190">
         <name>.debug_info</name>
         <load_address>0x909c</load_address>
         <run_address>0x909c</run_address>
         <size>0x17c</size>
         <input_file_ref idref="fl-da"/>
      </object_component>
      <object_component id="oc-29f">
         <name>.debug_info</name>
         <load_address>0x9218</load_address>
         <run_address>0x9218</run_address>
         <size>0xf9</size>
         <input_file_ref idref="fl-db"/>
      </object_component>
      <object_component id="oc-201">
         <name>.debug_info</name>
         <load_address>0x9311</load_address>
         <run_address>0x9311</run_address>
         <size>0x105</size>
         <input_file_ref idref="fl-db"/>
      </object_component>
      <object_component id="oc-1d8">
         <name>.debug_info</name>
         <load_address>0x9416</load_address>
         <run_address>0x9416</run_address>
         <size>0x144</size>
         <input_file_ref idref="fl-dc"/>
      </object_component>
      <object_component id="oc-151">
         <name>.debug_info</name>
         <load_address>0x955a</load_address>
         <run_address>0x955a</run_address>
         <size>0x102</size>
         <input_file_ref idref="fl-dc"/>
      </object_component>
      <object_component id="oc-35b">
         <name>.debug_info</name>
         <load_address>0x965c</load_address>
         <run_address>0x965c</run_address>
         <size>0x18f</size>
         <input_file_ref idref="fl-dc"/>
      </object_component>
      <object_component id="oc-25f">
         <name>.debug_info</name>
         <load_address>0x97eb</load_address>
         <run_address>0x97eb</run_address>
         <size>0x2a7</size>
         <input_file_ref idref="fl-dd"/>
      </object_component>
      <object_component id="oc-1ba">
         <name>.debug_info</name>
         <load_address>0x9a92</load_address>
         <run_address>0x9a92</run_address>
         <size>0x1b8</size>
         <input_file_ref idref="fl-dd"/>
      </object_component>
      <object_component id="oc-2e6">
         <name>.debug_info</name>
         <load_address>0x9c4a</load_address>
         <run_address>0x9c4a</run_address>
         <size>0x2a5</size>
         <input_file_ref idref="fl-de"/>
      </object_component>
      <object_component id="oc-286">
         <name>.debug_info</name>
         <load_address>0x9eef</load_address>
         <run_address>0x9eef</run_address>
         <size>0x25d</size>
         <input_file_ref idref="fl-de"/>
      </object_component>
      <object_component id="oc-70">
         <name>.debug_info</name>
         <load_address>0xa14c</load_address>
         <run_address>0xa14c</run_address>
         <size>0x3b2</size>
         <input_file_ref idref="fl-df"/>
      </object_component>
      <object_component id="oc-25">
         <name>.debug_info</name>
         <load_address>0xa4fe</load_address>
         <run_address>0xa4fe</run_address>
         <size>0x10c</size>
         <input_file_ref idref="fl-df"/>
      </object_component>
      <object_component id="oc-391">
         <name>.debug_info</name>
         <load_address>0xa60a</load_address>
         <run_address>0xa60a</run_address>
         <size>0x13f</size>
         <input_file_ref idref="fl-df"/>
      </object_component>
      <object_component id="oc-314">
         <name>.debug_info</name>
         <load_address>0xa749</load_address>
         <run_address>0xa749</run_address>
         <size>0x168</size>
         <input_file_ref idref="fl-df"/>
      </object_component>
      <object_component id="oc-341">
         <name>.debug_info</name>
         <load_address>0xa8b1</load_address>
         <run_address>0xa8b1</run_address>
         <size>0x18e</size>
         <input_file_ref idref="fl-df"/>
      </object_component>
      <object_component id="oc-348">
         <name>.debug_info</name>
         <load_address>0xaa3f</load_address>
         <run_address>0xaa3f</run_address>
         <size>0x19f</size>
         <input_file_ref idref="fl-df"/>
      </object_component>
      <object_component id="oc-30e">
         <name>.debug_info</name>
         <load_address>0xabde</load_address>
         <run_address>0xabde</run_address>
         <size>0x203</size>
         <input_file_ref idref="fl-df"/>
      </object_component>
      <object_component id="oc-396">
         <name>.debug_info</name>
         <load_address>0xade1</load_address>
         <run_address>0xade1</run_address>
         <size>0x1db</size>
         <input_file_ref idref="fl-df"/>
      </object_component>
      <object_component id="oc-34f">
         <name>.debug_info</name>
         <load_address>0xafbc</load_address>
         <run_address>0xafbc</run_address>
         <size>0x299</size>
         <input_file_ref idref="fl-df"/>
      </object_component>
      <object_component id="oc-bb">
         <name>.debug_info</name>
         <load_address>0xb255</load_address>
         <run_address>0xb255</run_address>
         <size>0xb2</size>
         <input_file_ref idref="fl-df"/>
      </object_component>
      <object_component id="oc-b6">
         <name>.debug_info</name>
         <load_address>0xb307</load_address>
         <run_address>0xb307</run_address>
         <size>0x2c</size>
         <input_file_ref idref="fl-df"/>
      </object_component>
      <object_component id="oc-2c4">
         <name>.debug_info</name>
         <load_address>0xb333</load_address>
         <run_address>0xb333</run_address>
         <size>0x29a</size>
         <input_file_ref idref="fl-e0"/>
      </object_component>
      <object_component id="oc-258">
         <name>.debug_info</name>
         <load_address>0xb5cd</load_address>
         <run_address>0xb5cd</run_address>
         <size>0x262</size>
         <input_file_ref idref="fl-e0"/>
      </object_component>
      <object_component id="oc-1ff">
         <name>.debug_info</name>
         <load_address>0xb82f</load_address>
         <run_address>0xb82f</run_address>
         <size>0x28f</size>
         <input_file_ref idref="fl-e1"/>
      </object_component>
      <object_component id="oc-18b">
         <name>.debug_info</name>
         <load_address>0xbabe</load_address>
         <run_address>0xbabe</run_address>
         <size>0x245</size>
         <input_file_ref idref="fl-e1"/>
      </object_component>
      <object_component id="oc-28">
         <name>.debug_info</name>
         <load_address>0xbd03</load_address>
         <run_address>0xbd03</run_address>
         <size>0x10b</size>
         <input_file_ref idref="fl-e2"/>
      </object_component>
      <object_component id="oc-5d">
         <name>.debug_info</name>
         <load_address>0xbe0e</load_address>
         <run_address>0xbe0e</run_address>
         <size>0x1a9</size>
         <input_file_ref idref="fl-e2"/>
      </object_component>
      <object_component id="oc-2ed">
         <name>.debug_info</name>
         <load_address>0xbfb7</load_address>
         <run_address>0xbfb7</run_address>
         <size>0x397</size>
         <input_file_ref idref="fl-e3"/>
      </object_component>
      <object_component id="oc-292">
         <name>.debug_info</name>
         <load_address>0xc34e</load_address>
         <run_address>0xc34e</run_address>
         <size>0x18f</size>
         <input_file_ref idref="fl-e3"/>
      </object_component>
      <object_component id="oc-332">
         <name>.debug_info</name>
         <load_address>0xc4dd</load_address>
         <run_address>0xc4dd</run_address>
         <size>0x120</size>
         <input_file_ref idref="fl-e3"/>
      </object_component>
      <object_component id="oc-337">
         <name>.debug_info</name>
         <load_address>0xc5fd</load_address>
         <run_address>0xc5fd</run_address>
         <size>0x2c</size>
         <input_file_ref idref="fl-e3"/>
      </object_component>
      <object_component id="oc-32f">
         <name>.debug_info</name>
         <load_address>0xc629</load_address>
         <run_address>0xc629</run_address>
         <size>0x337</size>
         <input_file_ref idref="fl-e4"/>
      </object_component>
      <object_component id="oc-32b">
         <name>.debug_info</name>
         <load_address>0xc960</load_address>
         <run_address>0xc960</run_address>
         <size>0x109</size>
         <input_file_ref idref="fl-e4"/>
      </object_component>
      <object_component id="oc-2ea">
         <name>.debug_info</name>
         <load_address>0xca69</load_address>
         <run_address>0xca69</run_address>
         <size>0x109</size>
         <input_file_ref idref="fl-e4"/>
      </object_component>
      <object_component id="oc-26b">
         <name>.debug_info</name>
         <load_address>0xcb72</load_address>
         <run_address>0xcb72</run_address>
         <size>0x289</size>
         <input_file_ref idref="fl-e5"/>
      </object_component>
      <object_component id="oc-268">
         <name>.debug_info</name>
         <load_address>0xcdfb</load_address>
         <run_address>0xcdfb</run_address>
         <size>0x10e</size>
         <input_file_ref idref="fl-e5"/>
      </object_component>
      <object_component id="oc-1c8">
         <name>.debug_info</name>
         <load_address>0xcf09</load_address>
         <run_address>0xcf09</run_address>
         <size>0x14e</size>
         <input_file_ref idref="fl-e5"/>
      </object_component>
      <object_component id="oc-266">
         <name>.debug_info</name>
         <load_address>0xd057</load_address>
         <run_address>0xd057</run_address>
         <size>0x28f</size>
         <input_file_ref idref="fl-e6"/>
      </object_component>
      <object_component id="oc-1c2">
         <name>.debug_info</name>
         <load_address>0xd2e6</load_address>
         <run_address>0xd2e6</run_address>
         <size>0x15a</size>
         <input_file_ref idref="fl-e6"/>
      </object_component>
      <object_component id="oc-2c7">
         <name>.debug_info</name>
         <load_address>0xd440</load_address>
         <run_address>0xd440</run_address>
         <size>0x46</size>
         <input_file_ref idref="fl-e6"/>
      </object_component>
      <object_component id="oc-261">
         <name>.debug_info</name>
         <load_address>0xd486</load_address>
         <run_address>0xd486</run_address>
         <size>0x39</size>
         <input_file_ref idref="fl-e6"/>
      </object_component>
      <object_component id="oc-2b5">
         <name>.debug_info</name>
         <load_address>0xd4bf</load_address>
         <run_address>0xd4bf</run_address>
         <size>0x295</size>
         <input_file_ref idref="fl-e7"/>
      </object_component>
      <object_component id="oc-24c">
         <name>.debug_info</name>
         <load_address>0xd754</load_address>
         <run_address>0xd754</run_address>
         <size>0x195</size>
         <input_file_ref idref="fl-e7"/>
      </object_component>
      <object_component id="oc-2f9">
         <name>.debug_info</name>
         <load_address>0xd8e9</load_address>
         <run_address>0xd8e9</run_address>
         <size>0x39</size>
         <input_file_ref idref="fl-e7"/>
      </object_component>
      <object_component id="oc-2b6">
         <name>.debug_info</name>
         <load_address>0xd922</load_address>
         <run_address>0xd922</run_address>
         <size>0x2c</size>
         <input_file_ref idref="fl-e7"/>
      </object_component>
      <object_component id="oc-2c2">
         <name>.debug_info</name>
         <load_address>0xd94e</load_address>
         <run_address>0xd94e</run_address>
         <size>0x2f8</size>
         <input_file_ref idref="fl-e8"/>
      </object_component>
      <object_component id="oc-253">
         <name>.debug_info</name>
         <load_address>0xdc46</load_address>
         <run_address>0xdc46</run_address>
         <size>0x225</size>
         <input_file_ref idref="fl-e8"/>
      </object_component>
      <object_component id="oc-2e8">
         <name>.debug_info</name>
         <load_address>0xde6b</load_address>
         <run_address>0xde6b</run_address>
         <size>0x347</size>
         <input_file_ref idref="fl-e9"/>
      </object_component>
      <object_component id="oc-28d">
         <name>.debug_info</name>
         <load_address>0xe1b2</load_address>
         <run_address>0xe1b2</run_address>
         <size>0x18a</size>
         <input_file_ref idref="fl-e9"/>
      </object_component>
      <object_component id="oc-318">
         <name>.debug_info</name>
         <load_address>0xe33c</load_address>
         <run_address>0xe33c</run_address>
         <size>0x176</size>
         <input_file_ref idref="fl-ea"/>
      </object_component>
      <object_component id="oc-30a">
         <name>.debug_info</name>
         <load_address>0xe4b2</load_address>
         <run_address>0xe4b2</run_address>
         <size>0x324</size>
         <input_file_ref idref="fl-eb"/>
      </object_component>
      <object_component id="oc-2d8">
         <name>.debug_info</name>
         <load_address>0xe7d6</load_address>
         <run_address>0xe7d6</run_address>
         <size>0x1ec</size>
         <input_file_ref idref="fl-eb"/>
      </object_component>
      <object_component id="oc-2a3">
         <name>.debug_info</name>
         <load_address>0xe9c2</load_address>
         <run_address>0xe9c2</run_address>
         <size>0x115</size>
         <input_file_ref idref="fl-ec"/>
      </object_component>
      <object_component id="oc-133">
         <name>.debug_info</name>
         <load_address>0xead7</load_address>
         <run_address>0xead7</run_address>
         <size>0x4b3</size>
         <input_file_ref idref="fl-ed"/>
      </object_component>
      <object_component id="oc-ea">
         <name>.debug_info</name>
         <load_address>0xef8a</load_address>
         <run_address>0xef8a</run_address>
         <size>0x1a6</size>
         <input_file_ref idref="fl-ed"/>
      </object_component>
      <object_component id="oc-178">
         <name>.debug_info</name>
         <load_address>0xf130</load_address>
         <run_address>0xf130</run_address>
         <size>0x39</size>
         <input_file_ref idref="fl-ed"/>
      </object_component>
      <object_component id="oc-1f2">
         <name>.debug_info</name>
         <load_address>0xf169</load_address>
         <run_address>0xf169</run_address>
         <size>0x39</size>
         <input_file_ref idref="fl-ed"/>
      </object_component>
      <object_component id="oc-17d">
         <name>.debug_info</name>
         <load_address>0xf1a2</load_address>
         <run_address>0xf1a2</run_address>
         <size>0x39</size>
         <input_file_ref idref="fl-ed"/>
      </object_component>
      <object_component id="oc-182">
         <name>.debug_info</name>
         <load_address>0xf1db</load_address>
         <run_address>0xf1db</run_address>
         <size>0xcd</size>
         <input_file_ref idref="fl-ed"/>
      </object_component>
      <object_component id="oc-9d">
         <name>.debug_info</name>
         <load_address>0xf2a8</load_address>
         <run_address>0xf2a8</run_address>
         <size>0x153</size>
         <input_file_ref idref="fl-ee"/>
      </object_component>
      <object_component id="oc-3be">
         <name>.debug_info</name>
         <load_address>0xf3fb</load_address>
         <run_address>0xf3fb</run_address>
         <size>0x373</size>
         <input_file_ref idref="fl-f1"/>
      </object_component>
      <object_component id="oc-367">
         <name>.debug_info</name>
         <load_address>0xf76e</load_address>
         <run_address>0xf76e</run_address>
         <size>0x1bc</size>
         <input_file_ref idref="fl-f1"/>
      </object_component>
      <object_component id="oc-3c4">
         <name>.debug_info</name>
         <load_address>0xf92a</load_address>
         <run_address>0xf92a</run_address>
         <size>0x378</size>
         <input_file_ref idref="fl-f2"/>
      </object_component>
      <object_component id="oc-37a">
         <name>.debug_info</name>
         <load_address>0xfca2</load_address>
         <run_address>0xfca2</run_address>
         <size>0x210</size>
         <input_file_ref idref="fl-f2"/>
      </object_component>
      <object_component id="oc-3ba">
         <name>.debug_info</name>
         <load_address>0xfeb2</load_address>
         <run_address>0xfeb2</run_address>
         <size>0x3a3</size>
         <input_file_ref idref="fl-f3"/>
      </object_component>
      <object_component id="oc-361">
         <name>.debug_info</name>
         <load_address>0x10255</load_address>
         <run_address>0x10255</run_address>
         <size>0x20c</size>
         <input_file_ref idref="fl-f3"/>
      </object_component>
      <object_component id="oc-3c0">
[...]
            <load_size>0x8</load_size>
            <run_address>0x200011ec</run_address>
            <run_size>0x1c8</run_size>
            <compression>zero_init</compression>
         </cprec>
      </cptbl>
   </cptbl_list>
   <handler_table>
      <handler_table_name>__TI_handler_table</handler_table_name>
      <handler>
         <index>0x0</index>
         <name>__TI_decompress_lzss</name>
      </handler>
      <handler>
         <index>0x1</index>
         <name>__TI_decompress_none</name>
      </handler>
      <handler>
         <index>0x2</index>
         <name>__TI_zero_init</name>
      </handler>
   </handler_table>
   <symbol_table>
      <symbol id="sm-1">
         <name>__STACK_TOP</name>
         <value>0x20000200</value>
      </symbol>
      <symbol id="sm-2">
         <name>__start___llvm_prf_cnts</name>
         <value>0x20000000</value>
      </symbol>
      <symbol id="sm-3">
         <name>__stop___llvm_prf_cnts</name>
         <value>0x20000000</value>
      </symbol>
      <symbol id="sm-4">
         <name>__TI_CINIT_Base</name>
         <value>0x3208</value>
      </symbol>
      <symbol id="sm-5">
         <name>__TI_CINIT_Limit</name>
         <value>0x3218</value>
      </symbol>
      <symbol id="sm-6">
         <name>__TI_Handler_Table_Base</name>
         <value>0x31f0</value>
      </symbol>
      <symbol id="sm-7">
         <name>__TI_Handler_Table_Limit</name>
         <value>0x31fc</value>
      </symbol>
      <symbol id="sm-8">
         <name>binit</name>
         <value>0xffffffff</value>
      </symbol>
      <symbol id="sm-9">
         <name>__binit__</name>
         <value>0xffffffff</value>
      </symbol>
      <symbol id="sm-a">
         <name>__STACK_SIZE</name>
         <value>0x800</value>
      </symbol>
      <symbol id="sm-b">
         <name>__STACK_END</name>
         <value>0x20000800</value>
      </symbol>
      <symbol id="sm-c">
         <name>__SYSMEM_SIZE</name>
         <value>0x800</value>
      </symbol>
      <symbol id="sm-d">
         <name>__c_args__</name>
         <value>0xffffffff</value>
      </symbol>
      <symbol id="sm-e">
         <name>__TI_pprof_out_hndl</name>
         <value>0xffffffff</value>
      </symbol>
      <symbol id="sm-f">
         <name>__TI_prof_data_start</name>
         <value>0xffffffff</value>
      </symbol>
      <symbol id="sm-10">
         <name>__TI_prof_data_size</name>
         <value>0xffffffff</value>
      </symbol>
      <symbol id="sm-4f">
         <name>main</name>
         <value>0x3059</value>
         <object_component_ref idref="oc-a2"/>
      </symbol>
      <symbol id="sm-6b">
         <name>ResetISR</name>
         <value>0x2fc9</value>
         <object_component_ref idref="oc-2a"/>
      </symbol>
      <symbol id="sm-6c">
         <name>g_pfnVectors</name>
         <value>0x0</value>
         <object_component_ref idref="oc-12"/>
      </symbol>
      <symbol id="sm-a0">
         <name>aufgabe_4</name>
         <value>0xe39</value>
         <object_component_ref idref="oc-d6"/>
      </symbol>
      <symbol id="sm-a1">
         <name>send_char4</name>
         <value>0xe01</value>
         <object_component_ref idref="oc-d6"/>
      </symbol>
      <symbol id="sm-a2">
         <name>config_uart_aufgabe4</name>
         <value>0xd99</value>
         <object_component_ref idref="oc-d6"/>
      </symbol>
      <symbol id="sm-a3">
         <name>config_port_aufgabe4</name>
         <value>0xc59</value>
         <object_component_ref idref="oc-d6"/>
      </symbol>
      <symbol id="sm-a4">
         <name>wait_counter_4</name>
         <value>0x200011e4</value>
         <object_component_ref idref="oc-11d"/>
      </symbol>
      <symbol id="sm-d1">
         <name>printf</name>
         <value>0x26b1</value>
         <object_component_ref idref="oc-120"/>
      </symbol>
      <symbol id="sm-23b">
         <name>__TI_printfi</name>
         <value>0x209</value>
         <object_component_ref idref="oc-14a"/>
      </symbol>
      <symbol id="sm-250">
         <name>putc</name>
         <value>0x220d</value>
         <object_component_ref idref="oc-1e1"/>
      </symbol>
      <symbol id="sm-251">
         <name>fputc</name>
         <value>0x220d</value>
         <object_component_ref idref="oc-1e1"/>
      </symbol>
      <symbol id="sm-274">
         <name>fputs</name>
         <value>0x1a49</value>
         <object_component_ref idref="oc-1da"/>
      </symbol>
      <symbol id="sm-28c">
         <name>__TI_wrt_ok</name>
         <value>0x27e1</value>
         <object_component_ref idref="oc-27f"/>
      </symbol>
      <symbol id="sm-2a8">
         <name>setvbuf</name>
         <value>0x1f4d</value>
         <object_component_ref idref="oc-2dd"/>
      </symbol>
      <symbol id="sm-2bf">
         <name>__aeabi_dsub</name>
         <value>0x14f9</value>
         <object_component_ref idref="oc-22b"/>
      </symbol>
      <symbol id="sm-2c0">
         <name>__aeabi_dadd</name>
         <value>0x1503</value>
         <object_component_ref idref="oc-22b"/>
      </symbol>
      <symbol id="sm-2e2">
         <name>__aeabi_cdcmpeq</name>
         <value>0x2299</value>
         <object_component_ref idref="oc-19b"/>
      </symbol>
      <symbol id="sm-2e3">
         <name>__aeabi_cdcmple</name>
         <value>0x2299</value>
         <object_component_ref idref="oc-19b"/>
      </symbol>
      <symbol id="sm-2e4">
         <name>__aeabi_cdrcmple</name>
         <value>0x231f</value>
         <object_component_ref idref="oc-216"/>
      </symbol>
      <symbol id="sm-2f8">
         <name>__aeabi_ddiv</name>
         <value>0x17ed</value>
         <object_component_ref idref="oc-211"/>
      </symbol>
      <symbol id="sm-303">
         <name>__aeabi_dmul</name>
         <value>0x1d6d</value>
         <object_component_ref idref="oc-20c"/>
      </symbol>
      <symbol id="sm-30d">
         <name>__aeabi_d2iz</name>
         <value>0x2b8d</value>
         <object_component_ref idref="oc-21b"/>
      </symbol>
      <symbol id="sm-317">
         <name>__aeabi_i2d</name>
         <value>0x2e61</value>
         <object_component_ref idref="oc-226"/>
      </symbol>
      <symbol id="sm-332">
         <name>memcpy</name>
         <value>0x20db</value>
         <object_component_ref idref="oc-3e"/>
      </symbol>
      <symbol id="sm-333">
         <name>__aeabi_memcpy</name>
         <value>0x20db</value>
         <object_component_ref idref="oc-3e"/>
      </symbol>
      <symbol id="sm-334">
         <name>__aeabi_memcpy8</name>
         <value>0x20db</value>
         <object_component_ref idref="oc-3e"/>
      </symbol>
      <symbol id="sm-335">
         <name>__aeabi_memcpy4</name>
         <value>0x20db</value>
         <object_component_ref idref="oc-3e"/>
      </symbol>
      <symbol id="sm-344">
         <name>__aeabi_memset</name>
         <value>0x23a7</value>
         <object_component_ref idref="oc-96"/>
      </symbol>
      <symbol id="sm-345">
         <name>memset</name>
         <value>0x23ad</value>
         <object_component_ref idref="oc-96"/>
      </symbol>
      <symbol id="sm-346">
         <name>__aeabi_memset8</name>
         <value>0x23a7</value>
         <object_component_ref idref="oc-96"/>
      </symbol>
      <symbol id="sm-347">
         <name>__aeabi_memset4</name>
         <value>0x23a7</value>
         <object_component_ref idref="oc-96"/>
      </symbol>
      <symbol id="sm-348">
         <name>__aeabi_memclr8</name>
         <value>0x23a5</value>
         <object_component_ref idref="oc-96"/>
      </symbol>
      <symbol id="sm-349">
         <name>__aeabi_memclr4</name>
         <value>0x23a5</value>
         <object_component_ref idref="oc-96"/>
      </symbol>
      <symbol id="sm-34a">
         <name>__aeabi_memclr</name>
         <value>0x23a5</value>
         <object_component_ref idref="oc-96"/>
      </symbol>
      <symbol id="sm-357">
         <name>__aeabi_uldivmod</name>
         <value>0x2177</value>
         <object_component_ref idref="oc-205"/>
      </symbol>
      <symbol id="sm-36b">
         <name>__TI_zero_init_nomemset</name>
         <value>0x2f55</value>
         <object_component_ref idref="oc-4a"/>
      </symbol>
      <symbol id="sm-382">
         <name>__TI_decompress_none</name>
         <value>0x304b</value>
         <object_component_ref idref="oc-1b"/>
      </symbol>
      <symbol id="sm-3a5">
         <name>__TI_decompress_lzss</name>
         <value>0x2649</value>
         <object_component_ref idref="oc-15"/>
      </symbol>
      <symbol id="sm-3cb">
         <name>C$$EXIT</name>
         <value>0x307d</value>
         <object_component_ref idref="oc-dd"/>
      </symbol>
      <symbol id="sm-3cc">
         <name>abort</name>
         <value>0x307d</value>
         <object_component_ref idref="oc-dd"/>
      </symbol>
      <symbol id="sm-3cd">
         <name>__TI_dtors_ptr</name>
         <value>0x200011cc</value>
         <object_component_ref idref="oc-129"/>
      </symbol>
      <symbol id="sm-3ce">
         <name>__TI_cleanup_ptr</name>
         <value>0x200011c8</value>
         <object_component_ref idref="oc-129"/>
      </symbol>
      <symbol id="sm-3cf">
         <name>__TI_enable_exit_profile_output</name>
         <value>0x200011d0</value>
         <object_component_ref idref="oc-129"/>
      </symbol>
      <symbol id="sm-3d0">
         <name>exit</name>
         <value>0x2b45</value>
         <object_component_ref idref="oc-e3"/>
      </symbol>
      <symbol id="sm-3e5">
         <name>_nop</name>
         <value>0xc57</value>
         <object_component_ref idref="oc-16a"/>
      </symbol>
      <symbol id="sm-3e6">
         <name>_lock</name>
         <value>0x200011d4</value>
         <object_component_ref idref="oc-12c"/>
      </symbol>
      <symbol id="sm-3e7">
         <name>_unlock</name>
         <value>0x200011d8</value>
         <object_component_ref idref="oc-12c"/>
      </symbol>
      <symbol id="sm-3f6">
         <name>__TI_ltoa</name>
         <value>0x2a07</value>
         <object_component_ref idref="oc-220"/>
      </symbol>
      <symbol id="sm-40c">
         <name>atoi</name>
         <value>0x2af9</value>
         <object_component_ref idref="oc-18f"/>
      </symbol>
      <symbol id="sm-417">
         <name>_ctypes_</name>
         <value>0x3080</value>
         <object_component_ref idref="oc-200"/>
      </symbol>
      <symbol id="sm-42c">
         <name>__TI_tmpnams</name>
         <value>0x2000130c</value>
      </symbol>
      <symbol id="sm-42d">
         <name>__aeabi_stdout</name>
         <value>0x200011c0</value>
         <object_component_ref idref="oc-35a"/>
      </symbol>
      <symbol id="sm-42e">
         <name>__aeabi_stderr</name>
         <value>0x200011c4</value>
         <object_component_ref idref="oc-35a"/>
      </symbol>
      <symbol id="sm-42f">
         <name>__aeabi_stdin</name>
         <value>0x200011bc</value>
         <object_component_ref idref="oc-35a"/>
      </symbol>
      <symbol id="sm-430">
         <name>_ftable</name>
         <value>0x20001000</value>
         <object_component_ref idref="oc-150"/>
      </symbol>
      <symbol id="sm-431">
         <name>__TI_ft_end</name>
         <value>0x200011b8</value>
         <object_component_ref idref="oc-35a"/>
      </symbol>
      <symbol id="sm-441">
         <name>memccpy</name>
         <value>0x2f8d</value>
         <object_component_ref idref="oc-1b8"/>
      </symbol>
      <symbol id="sm-451">
         <name>memchr</name>
         <value>0x2f35</value>
         <object_component_ref idref="oc-285"/>
      </symbol>
      <symbol id="sm-4da">
         <name>_sys_memory</name>
         <value>0x20000800</value>
         <object_component_ref idref="oc-24"/>
      </symbol>
      <symbol id="sm-4db">
         <name>free</name>
         <value>0x1e69</value>
         <object_component_ref idref="oc-30b"/>
      </symbol>
      <symbol id="sm-4dc">
         <name>memalign</name>
         <value>0x1c6d</value>
         <object_component_ref idref="oc-34d"/>
      </symbol>
      <symbol id="sm-4dd">
         <name>malloc</name>
         <value>0x306d</value>
         <object_component_ref idref="oc-311"/>
      </symbol>
      <symbol id="sm-4de">
         <name>aligned_alloc</name>
         <value>0x1c6d</value>
         <object_component_ref idref="oc-34d"/>
      </symbol>
      <symbol id="sm-4ee">
         <name>strchr</name>
         <value>0x2ffb</value>
         <object_component_ref idref="oc-257"/>
      </symbol>
      <symbol id="sm-4fc">
         <name>strlen</name>
         <value>0x3025</value>
         <object_component_ref idref="oc-189"/>
      </symbol>
      <symbol id="sm-50f">
         <name>__stack</name>
         <value>0x20000000</value>
         <object_component_ref idref="oc-27"/>
      </symbol>
      <symbol id="sm-510">
         <name>_c_int00_noargs</name>
         <value>0x2dfd</value>
         <object_component_ref idref="oc-5c"/>
      </symbol>
      <symbol id="sm-52a">
         <name>write</name>
         <value>0x2f0d</value>
         <object_component_ref idref="oc-291"/>
      </symbol>
      <symbol id="sm-53b">
         <name>_stream</name>
         <value>0x20001168</value>
         <object_component_ref idref="oc-2e9"/>
      </symbol>
      <symbol id="sm-53c">
         <name>_device</name>
         <value>0x200010f0</value>
         <object_component_ref idref="oc-32a"/>
      </symbol>
      <symbol id="sm-552">
         <name>__aeabi_errno_addr</name>
         <value>0x3065</value>
         <object_component_ref idref="oc-1c4"/>
      </symbol>
      <symbol id="sm-553">
         <name>errno</name>
         <value>0x200011e8</value>
         <object_component_ref idref="oc-267"/>
      </symbol>
      <symbol id="sm-56c">
         <name>wcslen</name>
         <value>0x3039</value>
         <object_component_ref idref="oc-1be"/>
      </symbol>
      <symbol id="sm-58c">
         <name>frexpl</name>
         <value>0x2719</value>
         <object_component_ref idref="oc-24b"/>
      </symbol>
      <symbol id="sm-58d">
         <name>frexp</name>
         <value>0x2719</value>
         <object_component_ref idref="oc-24b"/>
      </symbol>
      <symbol id="sm-5aa">
         <name>scalbn</name>
         <value>0x1b5d</value>
         <object_component_ref idref="oc-251"/>
      </symbol>
      <symbol id="sm-5ab">
         <name>scalbnl</name>
         <value>0x1b5d</value>
         <object_component_ref idref="oc-251"/>
      </symbol>
      <symbol id="sm-5ac">
         <name>ldexpl</name>
         <value>0x1b5d</value>
         <object_component_ref idref="oc-251"/>
      </symbol>
      <symbol id="sm-5ad">
         <name>ldexp</name>
         <value>0x1b5d</value>
         <object_component_ref idref="oc-251"/>
      </symbol>
      <symbol id="sm-5bd">
         <name>__TI_doflush</name>
         <value>0x2aad</value>
         <object_component_ref idref="oc-28b"/>
      </symbol>
      <symbol id="sm-5cd">
         <name>__TI_cleanup</name>
         <value>0x2d95</value>
         <object_component_ref idref="oc-317"/>
      </symbol>
      <symbol id="sm-5df">
         <name>fseek</name>
         <value>0x277d</value>
         <object_component_ref idref="oc-2d7"/>
      </symbol>
      <symbol id="sm-5e9">
         <name>__aeabi_idiv0</name>
         <value>0x10b7</value>
         <object_component_ref idref="oc-2a2"/>
      </symbol>
      <symbol id="sm-5ea">
         <name>__aeabi_ldiv0</name>
         <value>0x10b7</value>
         <object_component_ref idref="oc-2a2"/>
      </symbol>
      <symbol id="sm-612">
         <name>__TI_auto_init_nobinit_nopinit</name>
         <value>0x2c5d</value>
         <object_component_ref idref="oc-e9"/>
      </symbol>
      <symbol id="sm-61c">
         <name>_system_pre_init</name>
         <value>0x3079</value>
         <object_component_ref idref="oc-9c"/>
      </symbol>
      <symbol id="sm-62f">
         <name>HOSTclose</name>
         <value>0x2bd5</value>
         <object_component_ref idref="oc-366"/>
      </symbol>
      <symbol id="sm-640">
         <name>HOSTlseek</name>
         <value>0x25e1</value>
         <object_component_ref idref="oc-378"/>
      </symbol>
      <symbol id="sm-652">
         <name>parmbuf</name>
         <value>0x200013ac</value>
      </symbol>
      <symbol id="sm-653">
         <name>HOSTopen</name>
         <value>0x2845</value>
         <object_component_ref idref="oc-360"/>
      </symbol>
      <symbol id="sm-664">
         <name>HOSTread</name>
         <value>0x2901</value>
         <object_component_ref idref="oc-36c"/>
      </symbol>
      <symbol id="sm-675">
         <name>HOSTrename</name>
         <value>0x2575</value>
         <object_component_ref idref="oc-384"/>
      </symbol>
      <symbol id="sm-686">
         <name>HOSTunlink</name>
         <value>0x2c19</value>
         <object_component_ref idref="oc-37e"/>
      </symbol>
      <symbol id="sm-697">
         <name>HOSTwrite</name>
         <value>0x2959</value>
         <object_component_ref idref="oc-372"/>
      </symbol>
      <symbol id="sm-6bb">
         <name>__TI_readmsg</name>
         <value>0x2dc9</value>
         <object_component_ref idref="oc-3b3"/>
      </symbol>
      <symbol id="sm-6bc">
         <name>C$$IO$$</name>
         <value>0x2d53</value>
         <object_component_ref idref="oc-3ad"/>
      </symbol>
      <symbol id="sm-6bd">
         <name>__CIOBUF_</name>
         <value>0x200011ec</value>
         <object_component_ref idref="oc-3de"/>
      </symbol>
      <symbol id="sm-6be">
         <name>__TI_writemsg</name>
         <value>0x2d25</value>
         <object_component_ref idref="oc-3ad"/>
      </symbol>
      <symbol id="sm-6cf">
         <name>lseek</name>
         <value>0x2ee5</value>
         <object_component_ref idref="oc-303"/>
      </symbol>
      <symbol id="sm-6d9">
         <name>copysign</name>
         <value>0x2fa9</value>
         <object_component_ref idref="oc-2bb"/>
      </symbol>
      <symbol id="sm-6da">
         <name>copysignl</name>
         <value>0x2fa9</value>
         <object_component_ref idref="oc-2bb"/>
      </symbol>
      <symbol id="sm-6ef">
         <name>__TI_closefile</name>
         <value>0x2421</value>
         <object_component_ref idref="oc-354"/>
      </symbol>
      <symbol id="sm-712">
         <name>finddevice</name>
         <value>0x2e31</value>
         <object_component_ref idref="oc-3fc"/>
      </symbol>
      <symbol id="sm-713">
         <name>getdevice</name>
         <value>0x2ca1</value>
         <object_component_ref idref="oc-3d4"/>
      </symbol>
      <symbol id="sm-722">
         <name>strcmp</name>
         <value>0x2fe3</value>
         <object_component_ref idref="oc-413"/>
      </symbol>
      <symbol id="sm-730">
         <name>strcpy</name>
         <value>0x3011</value>
         <object_component_ref idref="oc-3c7"/>
      </symbol>
      <symbol id="sm-740">
         <name>strncpy</name>
         <value>0x2d5d</value>
         <object_component_ref idref="oc-3f6"/>
      </symbol>
      <symbol id="sm-755">
         <name>close</name>
         <value>0x28a5</value>
         <object_component_ref idref="oc-39c"/>
      </symbol>
      <symbol id="sm-765">
         <name>unlink</name>
         <value>0x2e91</value>
         <object_component_ref idref="oc-3a2"/>
      </symbol>
      <symbol id="sm-766">
         <name>__TI_static_base__</name>
         <value>0x0</value>
      </symbol>
      <symbol id="sm-769">
         <name>__mpu_init</name>
         <value>0x0</value>
      </symbol>
      <symbol id="sm-76a">
         <name>_system_post_cinit</name>
         <value>0x0</value>
      </symbol>
      <symbol id="sm-76b">
         <name>remove</name>
         <value>0x2e91</value>
      </symbol>
   </symbol_table>
   <title>Link successful</title>
</link_info>
